Archive member included to satisfy reference by file (symbol)

/opt/libdragon/bin/../lib/gcc/mips64-elf/14.1.0/../../../../mips64-elf/lib/libdragon.a(n64sys.o)
                              /home/atma/workspace/.cache/tiny3d//build/libt3d.a (data_cache_hit_writeback)
/opt/libdragon/bin/../lib/gcc/mips64-elf/14.1.0/../../../../mips64-elf/lib/libdragon.a(interrupt.o)
                              /opt/libdragon/bin/../lib/gcc/mips64-elf/14.1.0/../../../../mips64-elf/lib/libdragon.a(n64sys.o) (disable_interrupts)
/opt/libdragon/bin/../lib/gcc/mips64-elf/14.1.0/../../../../mips64-elf/lib/libdragon.a(fmath.o)
                              build/main.o (fm_sinf)
/opt/libdragon/bin/../lib/gcc/mips64-elf/14.1.0/../../../../mips64-elf/lib/libdragon.a(entrypoint.o)
                              (_start)
/opt/libdragon/bin/../lib/gcc/mips64-elf/14.1.0/../../../../mips64-elf/lib/libdragon.a(debug.o)
                              build/main.o (debug_init_usblog)
/opt/libdragon/bin/../lib/gcc/mips64-elf/14.1.0/../../../../mips64-elf/lib/libdragon.a(usb.o)
                              /opt/libdragon/bin/../lib/gcc/mips64-elf/14.1.0/../../../../mips64-elf/lib/libdragon.a(debug.o) (usb_write)
/opt/libdragon/bin/../lib/gcc/mips64-elf/14.1.0/../../../../mips64-elf/lib/libdragon.a(cart.o)
                              /opt/libdragon/bin/../lib/gcc/mips64-elf/14.1.0/../../../../mips64-elf/lib/libdragon.a(debug.o) (cart_init)
/opt/libdragon/bin/../lib/gcc/mips64-elf/14.1.0/../../../../mips64-elf/lib/libdragon.a(ff.o)
                              /opt/libdragon/bin/../lib/gcc/mips64-elf/14.1.0/../../../../mips64-elf/lib/libdragon.a(debug.o) (f_mount)
/opt/libdragon/bin/../lib/gcc/mips64-elf/14.1.0/../../../../mips64-elf/lib/libdragon.a(ffunicode.o)
                              /opt/libdragon/bin/../lib/gcc/mips64-elf/14.1.0/../../../../mips64-elf/lib/libdragon.a(ff.o) (ff_uni2oem)
/opt/libdragon/bin/../lib/gcc/mips64-elf/14.1.0/../../../../mips64-elf/lib/libdragon.a(fat.o)
                              /opt/libdragon/bin/../lib/gcc/mips64-elf/14.1.0/../../../../mips64-elf/lib/libdragon.a(ff.o) (disk_initialize)
/opt/libdragon/bin/../lib/gcc/mips64-elf/14.1.0/../../../../mips64-elf/lib/libdragon.a(dragonfs.o)
                              build/main.o (dfs_init)
/opt/libdragon/bin/../lib/gcc/mips64-elf/14.1.0/../../../../mips64-elf/lib/libdragon.a(display.o)
                              build/main.o (display_init)
/opt/libdragon/bin/../lib/gcc/mips64-elf/14.1.0/../../../../mips64-elf/lib/libdragon.a(surface.o)
                              /opt/libdragon/bin/../lib/gcc/mips64-elf/14.1.0/../../../../mips64-elf/lib/libdragon.a(display.o) (surface_alloc)
/opt/libdragon/bin/../lib/gcc/mips64-elf/14.1.0/../../../../mips64-elf/lib/libdragon.a(asset.o)
                              build/main.o (__asset_init_compression_lvl2)
/opt/libdragon/bin/../lib/gcc/mips64-elf/14.1.0/../../../../mips64-elf/lib/libdragon.a(lz4_dec.o)
                              /opt/libdragon/bin/../lib/gcc/mips64-elf/14.1.0/../../../../mips64-elf/lib/libdragon.a(asset.o) (decompress_lz4_full_inplace)
/opt/libdragon/bin/../lib/gcc/mips64-elf/14.1.0/../../../../mips64-elf/lib/libdragon.a(lz4_dec_fast.o)
                              /opt/libdragon/bin/../lib/gcc/mips64-elf/14.1.0/../../../../mips64-elf/lib/libdragon.a(lz4_dec.o) (decompress_lz4_full_fast)
/opt/libdragon/bin/../lib/gcc/mips64-elf/14.1.0/../../../../mips64-elf/lib/libdragon.a(ringbuf.o)
                              /opt/libdragon/bin/../lib/gcc/mips64-elf/14.1.0/../../../../mips64-elf/lib/libdragon.a(lz4_dec.o) (__ringbuf_init)
/opt/libdragon/bin/../lib/gcc/mips64-elf/14.1.0/../../../../mips64-elf/lib/libdragon.a(aplib_dec.o)
                              /opt/libdragon/bin/../lib/gcc/mips64-elf/14.1.0/../../../../mips64-elf/lib/libdragon.a(asset.o) (decompress_aplib_init)
/opt/libdragon/bin/../lib/gcc/mips64-elf/14.1.0/../../../../mips64-elf/lib/libdragon.a(shrinkler_dec.o)
                              /opt/libdragon/bin/../lib/gcc/mips64-elf/14.1.0/../../../../mips64-elf/lib/libdragon.a(asset.o) (decompress_shrinkler_full_inplace)
/opt/libdragon/bin/../lib/gcc/mips64-elf/14.1.0/../../../../mips64-elf/lib/libdragon.a(joypad.o)
                              build/main.o (joypad_poll)
/opt/libdragon/bin/../lib/gcc/mips64-elf/14.1.0/../../../../mips64-elf/lib/libdragon.a(joypad_accessory.o)
                              /opt/libdragon/bin/../lib/gcc/mips64-elf/14.1.0/../../../../mips64-elf/lib/libdragon.a(joypad.o) (joypad_accessory_detect_async)
/opt/libdragon/bin/../lib/gcc/mips64-elf/14.1.0/../../../../mips64-elf/lib/libdragon.a(rsp.o)
                              /opt/libdragon/bin/../lib/gcc/mips64-elf/14.1.0/../../../../mips64-elf/lib/libdragon.a(display.o) (__rsp_crash)
/opt/libdragon/bin/../lib/gcc/mips64-elf/14.1.0/../../../../mips64-elf/lib/libdragon.a(rsp_crash.o)
[...]
Memory Configuration

Name             Origin             Length             Attributes
*default*        0x00000000         0xffffffff

Linker script and memory map

LOAD /opt/libdragon/bin/../lib/gcc/mips64-elf/14.1.0/crti.o
LOAD /opt/libdragon/bin/../lib/gcc/mips64-elf/14.1.0/crtbegin.o
LOAD build/main.o
LOAD /home/atma/workspace/.cache/tiny3d//build/libt3d.a
LOAD /opt/libdragon/bin/../lib/gcc/mips64-elf/14.1.0/../../../../mips64-elf/lib/libdragon.a
LOAD /opt/libdragon/bin/../lib/gcc/mips64-elf/14.1.0/../../../../mips64-elf/lib/libm.a
LOAD /opt/libdragon/bin/../lib/gcc/mips64-elf/14.1.0/../../../../mips64-elf/lib/libdragonsys.a

.intvectors     0x80000000      0x188
                0x80000000                        . = ALIGN (0x20)
 *(.intvectors)
 .intvectors    0x80000000      0x188 /opt/libdragon/bin/../lib/gcc/mips64-elf/14.1.0/../../../../mips64-elf/lib/libdragon.a(inthandler.o)
                0x80000188                        __intvectors_end = .

.text           0x80000400    0x2c530
                0x80000400                        __text_start = .
 *(.boot)
 .boot          0x80000400       0x74 /opt/libdragon/bin/../lib/gcc/mips64-elf/14.1.0/../../../../mips64-elf/lib/libdragon.a(entrypoint.o)
                0x80000400                _start
                0x80000480                        . = ALIGN (0x10)
 *fill*         0x80000474        0xc 
 *(.text)
 .text          0x80000480      0x400 /opt/libdragon/bin/../lib/gcc/mips64-elf/14.1.0/../../../../mips64-elf/lib/libdragon.a(inthandler.o)
                0x80000480                inthandler
                0x80000880                inthandler_end
 .text          0x80000880       0x20 /opt/libdragon/bin/../lib/gcc/mips64-elf/14.1.0/../../../../mips64-elf/lib/libm.a(libm_a-sf_fabs.o)
                0x80000880                fabsf
 .text          0x800008a0      0x110 /opt/libdragon/bin/../lib/gcc/mips64-elf/14.1.0/../../../../mips64-elf/lib/libm.a(libm_a-sf_floor.o)
                0x800008a0                floorf
 .text          0x800009b0       0x80 /opt/libdragon/bin/../lib/gcc/mips64-elf/14.1.0/../../../../mips64-elf/lib/libm.a(libm_a-sf_tan.o)
                0x800009b0                tanf
 .text          0x80000a30       0x98 /opt/libdragon/bin/../lib/gcc/mips64-elf/14.1.0/../../../../mips64-elf/lib/libm.a(libm_a-sf_round.o)
                0x80000a30                roundf
 .text          0x80000ac8      0x2b0 /opt/libdragon/bin/../lib/gcc/mips64-elf/14.1.0/../../../../mips64-elf/lib/libm.a(libm_a-kf_tan.o)
                0x80000ac8                __kernel_tanf
 .text          0x80000d78      0x370 /opt/libdragon/bin/../lib/gcc/mips64-elf/14.1.0/../../../../mips64-elf/lib/libm.a(libm_a-ef_rem_pio2.o)
                0x80000d78                __ieee754_rem_pio2f
 .text          0x800010e8      0x9a0 /opt/libdragon/bin/../lib/gcc/mips64-elf/14.1.0/../../../../mips64-elf/lib/libm.a(libm_a-kf_rem_pio2.o)
                0x800010e8                __kernel_rem_pio2f
 .text          0x80001a88      0x188 /opt/libdragon/bin/../lib/gcc/mips64-elf/14.1.0/../../../../mips64-elf/lib/libm.a(libm_a-sf_scalbn.o)
                0x80001a88                scalbnf
 .text          0x80001c10       0x18 /opt/libdragon/bin/../lib/gcc/mips64-elf/14.1.0/../../../../mips64-elf/lib/libc.a(libc_a-abort.o)
                0x80001c10                abort
 .text          0x80001c28       0x18 /opt/libdragon/bin/../lib/gcc/mips64-elf/14.1.0/../../../../mips64-elf/lib/libc.a(libc_a-calloc.o)
                0x80001c28                calloc
 .text          0x80001c40      0x120 /opt/libdragon/bin/../lib/gcc/mips64-elf/14.1.0/../../../../mips64-elf/lib/libc.a(libc_a-callocr.o)
                0x80001c40                _calloc_r
 .text          0x80001d60       0x20 /opt/libdragon/bin/../lib/gcc/mips64-elf/14.1.0/../../../../mips64-elf/lib/libc.a(libc_a-malloc.o)
                0x80001d60                malloc
                0x80001d70                free
 .text          0x80001d80      0x8c8 /opt/libdragon/bin/../lib/gcc/mips64-elf/14.1.0/../../../../mips64-elf/lib/libc.a(libc_a-mallocr.o)
                0x80001d80                _malloc_r
 .text          0x80002648       0x10 /opt/libdragon/bin/../lib/gcc/mips64-elf/14.1.0/../../../../mips64-elf/lib/libc.a(libc_a-mlock.o)
                0x80002648                __malloc_lock
                0x80002650                __malloc_unlock
 .text          0x80002658       0x18 /opt/libdragon/bin/../lib/gcc/mips64-elf/14.1.0/../../../../mips64-elf/lib/libc.a(libc_a-realloc.o)
                0x80002658                realloc
 .text          0x80002670      0x600 /opt/libdragon/bin/../lib/gcc/mips64-elf/14.1.0/../../../../mips64-elf/lib/libc.a(libc_a-reallocr.o)
                0x80002670                _realloc_r
 .text          0x80002c70       0x18 /opt/libdragon/bin/../lib/gcc/mips64-elf/14.1.0/../../../../mips64-elf/lib/libc.a(libc_a-malign.o)
                0x80002c70                memalign
 .text          0x80002c88      0x200 /opt/libdragon/bin/../lib/gcc/mips64-elf/14.1.0/../../../../mips64-elf/lib/libc.a(libc_a-malignr.o)
                0x80002c88                _memalign_r
 .text          0x80002e88     0x28b8 /opt/libdragon/bin/../lib/gcc/mips64-elf/14.1.0/../../../../mips64-elf/lib/libc.a(libc_a-vfprintf.o)
                0x80002e88                _vfprintf_r
                0x80005658                vfprintf
 .text          0x80005740       0x40 /opt/libdragon/bin/../lib/gcc/mips64-elf/14.1.0/../../../../mips64-elf/lib/libc.a(libc_a-sprint_r.o)
                0x80005740                __sprint_r
 .text          0x80005780      0x140 /opt/libdragon/bin/../lib/gcc/mips64-elf/14.1.0/../../../../mips64-elf/lib/libc.a(libc_a-fclose.o)
                0x80005780                _fclose_r
                0x800058b0                fclose
 .text          0x800058c0      0x338 /opt/libdragon/bin/../lib/gcc/mips64-elf/14.1.0/../../../../mips64-elf/lib/libc.a(libc_a-fflush.o)
                0x800058c0                __sflush_r
                0x80005b18                _fflush_r
                0x80005b78                fflush
 .text          0x80005bf8      0x3a8 /opt/libdragon/bin/../lib/gcc/mips64-elf/14.1.0/../../../../mips64-elf/lib/libc.a(libc_a-findfp.o)
                0x80005df0                __sfp
                0x80005f30                __sinit
                0x80005f60                __sfp_lock_acquire
                0x80005f68                __sfp_lock_release
                0x80005f70                __fp_lock_all
                0x80005f88                __fp_unlock_all
 .text          0x80005fa0       0x68 /opt/libdragon/bin/../lib/gcc/mips64-elf/14.1.0/../../../../mips64-elf/lib/libc.a(libc_a-fprintf.o)
                0x80005fa0                _fprintf_r
                0x80005fc8                fprintf
 .text          0x80006008       0xd0 /opt/libdragon/bin/../lib/gcc/mips64-elf/14.1.0/../../../../mips64-elf/lib/libc.a(libc_a-fputc.o)
                0x80006008                _fputc_r
                0x80006068                fputc
 .text          0x800060d8      0x508 /opt/libdragon/bin/../lib/gcc/mips64-elf/14.1.0/../../../../mips64-elf/lib/libc.a(libc_a-fvwrite.o)
                0x800060d8                __sfvwrite_r
 .text          0x800065e0       0xc0 /opt/libdragon/bin/../lib/gcc/mips64-elf/14.1.0/../../../../mips64-elf/lib/libc.a(libc_a-fwalk.o)
                0x800065e0                _fwalk_sglue
 .text          0x800066a0      0x258 /opt/libdragon/bin/../lib/gcc/mips64-elf/14.1.0/../../../../mips64-elf/lib/libc.a(libc_a-fwrite.o)
                0x800066a0                _fwrite_r
                0x800067d8                fwrite
 .text          0x800068f8       0x78 /opt/libdragon/bin/../lib/gcc/mips64-elf/14.1.0/../../../../mips64-elf/lib/libc.a(libc_a-printf.o)
                0x800068f8                _printf_r
                0x80006930                printf
 .text          0x80006970      0x160 /opt/libdragon/bin/../lib/gcc/mips64-elf/14.1.0/../../../../mips64-elf/lib/libc.a(libc_a-putc.o)
                0x80006970                _putc_r
                0x80006a18                putc
 .text          0x80006ad0       0x20 /opt/libdragon/bin/../lib/gcc/mips64-elf/14.1.0/../../../../mips64-elf/lib/libc.a(libc_a-putchar.o)
                0x80006ad0                _putchar_r
                0x80006ad8                putchar
 .text          0x80006af0       0xf0 /opt/libdragon/bin/../lib/gcc/mips64-elf/14.1.0/../../../../mips64-elf/lib/libc.a(libc_a-puts.o)
                0x80006af0                _puts_r
                0x80006bd0                puts
 .text          0x80006be0      0x278 /opt/libdragon/bin/../lib/gcc/mips64-elf/14.1.0/../../../../mips64-elf/lib/libc.a(libc_a-setvbuf.o)
                0x80006be0                setvbuf
 .text          0x80006e58      0x1c8 /opt/libdragon/bin/../lib/gcc/mips64-elf/14.1.0/../../../../mips64-elf/lib/libc.a(libc_a-snprintf.o)
                0x80006e58                _snprintf_r
                0x80006f38                snprintf
 .text          0x80007020       0xe0 /opt/libdragon/bin/../lib/gcc/mips64-elf/14.1.0/../../../../mips64-elf/lib/libc.a(libc_a-sprintf.o)
                0x80007020                _sprintf_r
                0x80007088                sprintf
 .text          0x80007100      0x190 /opt/libdragon/bin/../lib/gcc/mips64-elf/14.1.0/../../../../mips64-elf/lib/libc.a(libc_a-stdio.o)
                0x80007100                __sread
                0x80007158                __seofread
                0x80007160                __swrite
                0x80007220                __sseek
                0x80007288                __sclose
 .text          0x80007290       0x30 /opt/libdragon/bin/../lib/gcc/mips64-elf/14.1.0/../../../../mips64-elf/lib/libc.a(libc_a-vprintf.o)
                0x80007290                vprintf
                0x800072a8                _vprintf_r
 .text          0x800072c0      0x1d0 /opt/libdragon/bin/../lib/gcc/mips64-elf/14.1.0/../../../../mips64-elf/lib/libc.a(libc_a-wbuf.o)
                0x800072c0                __swbuf_r
                0x80007478                __swbuf
 .text          0x80007490      0x1e0 /opt/libdragon/bin/../lib/gcc/mips64-elf/14.1.0/../../../../mips64-elf/lib/libc.a(libc_a-wsetup.o)
                0x80007490                __swsetup_r
 .text          0x80007670       0xf0 /opt/libdragon/bin/../lib/gcc/mips64-elf/14.1.0/../../../../mips64-elf/lib/libc.a(libc_a-memchr.o)
                0x80007670                memchr
 .text          0x80007760       0x80 /opt/libdragon/bin/../lib/gcc/mips64-elf/14.1.0/../../../../mips64-elf/lib/libc.a(libc_a-memcmp.o)
                0x80007760                memcmp
 .text          0x800077e0      0x168 /opt/libdragon/bin/../lib/gcc/mips64-elf/14.1.0/../../../../mips64-elf/lib/libc.a(libc_a-memmove.o)
                0x800077e0                memmove
 .text          0x80007948       0x98 /opt/libdragon/bin/../lib/gcc/mips64-elf/14.1.0/../../../../mips64-elf/lib/libc.a(libc_a-strcat.o)
                0x80007948                strcat
 .text          0x800079e0      0x188 /opt/libdragon/bin/../lib/gcc/mips64-elf/14.1.0/../../../../mips64-elf/lib/libc.a(libc_a-strchr.o)
                0x800079e0                strchr
 .text          0x80007b68       0xa8 /opt/libdragon/bin/../lib/gcc/mips64-elf/14.1.0/../../../../mips64-elf/lib/libc.a(libc_a-strcpy.o)
                0x80007b68                strcpy
 .text          0x80007c10      0x460 /opt/libdragon/bin/../lib/gcc/mips64-elf/14.1.0/../../../../mips64-elf/lib/libc.a(libc_a-strerror.o)
                0x80007c10                _strerror_r
                0x80008040                strerror
                0x80008058                strerror_l
 .text          0x80008070       0x70 /opt/libdragon/bin/../lib/gcc/mips64-elf/14.1.0/../../../../mips64-elf/lib/libc.a(libc_a-strrchr.o)
                0x80008070                strrchr
 .text          0x800080e0      0xbb8 /opt/libdragon/bin/../lib/gcc/mips64-elf/14.1.0/../../../../mips64-elf/lib/libc.a(libc_a-strstr.o)
                0x80008998                strstr
 .text          0x80008c98        0x8 /opt/libdragon/bin/../lib/gcc/mips64-elf/14.1.0/../../../../mips64-elf/lib/libc.a(libc_a-u_strerr.o)
                0x80008c98                _user_strerror
 .text          0x80008ca0       0x90 /opt/libdragon/bin/../lib/gcc/mips64-elf/14.1.0/../../../../mips64-elf/lib/libc.a(libc_a-stpcpy.o)
                0x80008ca0                stpcpy
 .text          0x80008d30      0x598 /opt/libdragon/bin/../lib/gcc/mips64-elf/14.1.0/../../../../mips64-elf/lib/libc.a(libc_a-signal.o)
                0x80008d30                _init_signal_r
                0x80008d98                _signal_r
                0x80008e48                _raise_r
                0x80008f00                __sigtramp_r
                0x80008ff0                raise
                0x800090b8                signal
                0x80009170                _init_signal
                0x800091e0                __sigtramp
 .text          0x800092c8       0x28 /opt/libdragon/bin/../lib/gcc/mips64-elf/14.1.0/../../../../mips64-elf/lib/libc.a(libc_a-localeconv.o)
                0x800092c8                __localeconv_l
                0x800092d0                _localeconv_r
                0x800092e0                localeconv
 .text          0x800092f0       0x50 /opt/libdragon/bin/../lib/gcc/mips64-elf/14.1.0/../../../../mips64-elf/lib/libc.a(libc_a-closer.o)
                0x800092f0                _close_r
 .text          0x80009340       0x58 /opt/libdragon/bin/../lib/gcc/mips64-elf/14.1.0/../../../../mips64-elf/lib/libc.a(libc_a-fstatr.o)
                0x80009340                _fstat_r
 .text          0x80009398       0x60 /opt/libdragon/bin/../lib/gcc/mips64-elf/14.1.0/../../../../mips64-elf/lib/libc.a(libc_a-lseekr.o)
                0x80009398                _lseek_r
 .text          0x800093f8       0x60 /opt/libdragon/bin/../lib/gcc/mips64-elf/14.1.0/../../../../mips64-elf/lib/libc.a(libc_a-readr.o)
                0x800093f8                _read_r
 .text          0x80009458       0x60 /opt/libdragon/bin/../lib/gcc/mips64-elf/14.1.0/../../../../mips64-elf/lib/libc.a(libc_a-signalr.o)
                0x80009458                _kill_r
                0x800094b0                _getpid_r
 .text          0x800094b8       0x50 /opt/libdragon/bin/../lib/gcc/mips64-elf/14.1.0/../../../../mips64-elf/lib/libc.a(libc_a-sbrkr.o)
                0x800094b8                _sbrk_r
 .text          0x80009508       0x60 /opt/libdragon/bin/../lib/gcc/mips64-elf/14.1.0/../../../../mips64-elf/lib/libc.a(libc_a-writer.o)
                0x80009508                _write_r
 .text          0x80009568        0x8 /opt/libdragon/bin/../lib/gcc/mips64-elf/14.1.0/../../../../mips64-elf/lib/libc.a(libc_a-errno.o)
                0x80009568                __errno
 .text          0x80009570       0x18 /opt/libdragon/bin/../lib/gcc/mips64-elf/14.1.0/../../../../mips64-elf/lib/libc.a(libc_a-strlen.o)
                0x80009570                strlen
 .text          0x80009588      0x240 /opt/libdragon/bin/../lib/gcc/mips64-elf/14.1.0/../../../../mips64-elf/lib/libc.a(libc_a-strcmp.o)
                0x80009588                strcmp
 .text          0x800097c8      0x11c /opt/libdragon/bin/../lib/gcc/mips64-elf/14.1.0/../../../../mips64-elf/lib/libc.a(libc_a-memset.o)
                0x800097c8                memset
 .text          0x800098e4      0x370 /opt/libdragon/bin/../lib/gcc/mips64-elf/14.1.0/../../../../mips64-elf/lib/libc.a(libc_a-memcpy.o)
                0x800098e4                memcpy
 *fill*         0x80009c54        0x4 
 .text          0x80009c58     0x1810 /opt/libdragon/bin/../lib/gcc/mips64-elf/14.1.0/../../../../mips64-elf/lib/libc.a(libc_a-dtoa.o)
                0x80009ea8                _dtoa_r
 .text          0x8000b468      0x470 /opt/libdragon/bin/../lib/gcc/mips64-elf/14.1.0/../../../../mips64-elf/lib/libc.a(libc_a-freer.o)
                0x8000b468                _malloc_trim_r
                0x8000b5a8                _free_r
 .text          0x8000b8d8     0x1480 /opt/libdragon/bin/../lib/gcc/mips64-elf/14.1.0/../../../../mips64-elf/lib/libc.a(libc_a-mprec.o)
                0x8000b8d8                _Balloc
                0x8000b988                _Bfree
                0x8000b9b8                __multadd
                0x8000bb10                __s2b
                0x8000bc90                __hi0bits
                0x8000bd38                __lo0bits
                0x8000be50                __i2b
                0x8000bf28                __multiply
                0x8000c1b0                __pow5mult
                0x8000c318                __lshift
                0x8000c4d0                __mcmp
                0x8000c538                __mdiff
                0x8000c7b0                __ulp
                0x8000c860                __b2d
                0x8000c9f8                __d2b
                0x8000cb50                __ratio
                0x8000cc10                _mprec_log10
                0x8000cc50                __copybits
                0x8000ccd8                __any_on
 .text          0x8000cd58     0x2718 /opt/libdragon/bin/../lib/gcc/mips64-elf/14.1.0/../../../../mips64-elf/lib/libc.a(libc_a-svfprintf.o)
                0x8000cd58                _svfprintf_r
 .text          0x8000f470       0xc8 /opt/libdragon/bin/../lib/gcc/mips64-elf/14.1.0/../../../../mips64-elf/lib/libc.a(libc_a-ssprint_r.o)
                0x8000f470                __ssprint_r
 .text          0x8000f538      0x230 /opt/libdragon/bin/../lib/gcc/mips64-elf/14.1.0/../../../../mips64-elf/lib/libc.a(libc_a-makebuf.o)
                0x8000f538                __smakebuf_r
                0x8000f6b8                __swhatbuf_r
 .text          0x8000f768       0x40 /opt/libdragon/bin/../lib/gcc/mips64-elf/14.1.0/../../../../mips64-elf/lib/libc.a(libc_a-strnlen.o)
                0x8000f768                strnlen
 .text          0x8000f7a8       0x50 /opt/libdragon/bin/../lib/gcc/mips64-elf/14.1.0/../../../../mips64-elf/lib/libc.a(libc_a-isattyr.o)
                0x8000f7a8                _isatty_r
 .text          0x8000f7f8       0x70 /opt/libdragon/bin/../lib/gcc/mips64-elf/14.1.0/../../../../mips64-elf/lib/libc.a(libc_a-mbtowc_r.o)
                0x8000f7f8                _mbtowc_r
                0x8000f808                __ascii_mbtowc
 .text          0x8000f868       0x48 /opt/libdragon/bin/../lib/gcc/mips64-elf/14.1.0/../../../../mips64-elf/lib/libc.a(libc_a-wctomb_r.o)
                0x8000f868                _wctomb_r
                0x8000f878                __ascii_wctomb
 .text          0x8000f8b0      0x188 /opt/libdragon/bin/../lib/gcc/mips64-elf/14.1.0/../../../../mips64-elf/lib/libc.a(libc_a-ssputs_r.o)
                0x8000f8b0                __ssputs_r
 *(.text.*)
 *fill*         0x8000fa38        0x8 
 .text.t3d_model_draw
                0x8000fa40       0x20 build/main.o
 .text.setup    0x8000fa60       0x80 build/main.o
                0x8000fa60                setup
 .text.startup.main
                0x8000fae0      0x580 build/main.o
                0x8000fae0                main
 .text.t3d_vec3_cross
                0x80010060       0x54 /home/atma/workspace/.cache/tiny3d//build/libt3d.a
 .text.t3d_vec3_norm
                0x800100b4       0x54 /home/atma/workspace/.cache/tiny3d//build/libt3d.a
 .text.t3d_mat4_look_at
                0x80010108      0x130 /home/atma/workspace/.cache/tiny3d//build/libt3d.a
                0x80010108                t3d_mat4_look_at
 .text.t3d_mat4_to_frustum
                0x80010238       0xb4 /home/atma/workspace/.cache/tiny3d//build/libt3d.a
                0x80010238                t3d_mat4_to_frustum
 .text.t3d_mat4_perspective
                0x800102ec       0xb4 /home/atma/workspace/.cache/tiny3d//build/libt3d.a
                0x800102ec                t3d_mat4_perspective
 .text.t3d_mat4_to_fixed
                0x800103a0       0xbc /home/atma/workspace/.cache/tiny3d//build/libt3d.a
                0x800103a0                t3d_mat4_to_fixed
 .text.t3d_mat4_to_fixed_3x4
                0x8001045c       0xa8 /home/atma/workspace/.cache/tiny3d//build/libt3d.a
                0x8001045c                t3d_mat4_to_fixed_3x4
 .text.t3d_mat4_from_srt_euler
                0x80010504      0x17c /home/atma/workspace/.cache/tiny3d//build/libt3d.a
                0x80010504                t3d_mat4_from_srt_euler
 .text.t3d_mat4fp_from_srt_euler
                0x80010680       0x34 /home/atma/workspace/.cache/tiny3d//build/libt3d.a
                0x80010680                t3d_mat4fp_from_srt_euler
 .text.t3d_mat4_mul
                0x800106b4       0x70 /home/atma/workspace/.cache/tiny3d//build/libt3d.a
 .text.t3d_matrix_stack
                0x80010724       0x6c /home/atma/workspace/.cache/tiny3d//build/libt3d.a
 .text.t3d_dmem_set_u16
                0x80010790       0x48 /home/atma/workspace/.cache/tiny3d//build/libt3d.a
 .text.t3d_dmem_set_u32
                0x800107d8       0x44 /home/atma/workspace/.cache/tiny3d//build/libt3d.a
 .text.t3d_init
                0x8001081c       0xc0 /home/atma/workspace/.cache/tiny3d//build/libt3d.a
                0x8001081c                t3d_init
 .text.t3d_screen_clear_color
                0x800108dc       0x24 /home/atma/workspace/.cache/tiny3d//build/libt3d.a
                0x800108dc                t3d_screen_clear_color
 .text.t3d_screen_clear_depth
                0x80010900       0x24 /home/atma/workspace/.cache/tiny3d//build/libt3d.a
                0x80010900                t3d_screen_clear_depth
 .text.t3d_matrix_set
                0x80010924       0x10 /home/atma/workspace/.cache/tiny3d//build/libt3d.a
                0x80010924                t3d_matrix_set
 .text.t3d_matrix_push
                0x80010934       0x10 /home/atma/workspace/.cache/tiny3d//build/libt3d.a
                0x80010934                t3d_matrix_push
 .text.t3d_matrix_pop
                0x80010944       0x18 /home/atma/workspace/.cache/tiny3d//build/libt3d.a
                0x80010944                t3d_matrix_pop
 .text.t3d_matrix_push_pos
                0x8001095c       0x14 /home/atma/workspace/.cache/tiny3d//build/libt3d.a
                0x8001095c                t3d_matrix_push_pos
 .text.t3d_matrix_set_proj
                0x80010970       0x4c /home/atma/workspace/.cache/tiny3d//build/libt3d.a
                0x80010970                t3d_matrix_set_proj
 .text.t3d_vert_load
                0x800109bc       0x84 /home/atma/workspace/.cache/tiny3d//build/libt3d.a
                0x800109bc                t3d_vert_load
 .text.t3d_frame_start
                0x80010a40       0x58 /home/atma/workspace/.cache/tiny3d//build/libt3d.a
                0x80010a40                t3d_frame_start
 .text.t3d_light_set_ambient
                0x80010a98       0x54 /home/atma/workspace/.cache/tiny3d//build/libt3d.a
                0x80010a98                t3d_light_set_ambient
 .text.t3d_state_set_drawflags
                0x80010aec       0x98 /home/atma/workspace/.cache/tiny3d//build/libt3d.a
                0x80010aec                t3d_state_set_drawflags
 .text.t3d_state_set_vertex_fx
                0x80010b84       0xb4 /home/atma/workspace/.cache/tiny3d//build/libt3d.a
                0x80010b84                t3d_state_set_vertex_fx
 .text.t3d_tri_draw
                0x80010c38       0xa4 /home/atma/workspace/.cache/tiny3d//build/libt3d.a
                0x80010c38                t3d_tri_draw
 .text.t3d_tri_draw_strip
                0x80010cdc       0xa8 /home/atma/workspace/.cache/tiny3d//build/libt3d.a
                0x80010cdc                t3d_tri_draw_strip
 .text.t3d_fog_set_range
                0x80010d84       0xe0 /home/atma/workspace/.cache/tiny3d//build/libt3d.a
                0x80010d84                t3d_fog_set_range
 .text.t3d_viewport_attach
                0x80010e64      0x37c /home/atma/workspace/.cache/tiny3d//build/libt3d.a
                0x80010e64                t3d_viewport_attach
 .text.t3d_viewport_set_perspective
                0x800111e0       0x4c /home/atma/workspace/.cache/tiny3d//build/libt3d.a
                0x800111e0                t3d_viewport_set_perspective
 .text.t3d_viewport_set_projection
                0x8001122c       0x40 /home/atma/workspace/.cache/tiny3d//build/libt3d.a
                0x8001122c                t3d_viewport_set_projection
 .text.t3d_viewport_look_at
                0x8001126c       0x58 /home/atma/workspace/.cache/tiny3d//build/libt3d.a
                0x8001126c                t3d_viewport_look_at
 .text.t3d_indexbuffer_convert
                0x800112c4       0x58 /home/atma/workspace/.cache/tiny3d//build/libt3d.a
                0x800112c4                t3d_indexbuffer_convert
 .text.set_texture
                0x8001131c      0x2d4 /home/atma/workspace/.cache/tiny3d//build/libt3d.a
 .text.t3d_model_load
                0x800115f0      0x3fc /home/atma/workspace/.cache/tiny3d//build/libt3d.a
                0x800115f0                t3d_model_load
 .text.t3d_model_draw_object
                0x800119ec      0x20c /home/atma/workspace/.cache/tiny3d//build/libt3d.a
                0x800119ec                t3d_model_draw_object
 .text.t3d_model_draw_material
                0x80011bf8      0x368 /home/atma/workspace/.cache/tiny3d//build/libt3d.a
                0x80011bf8                t3d_model_draw_material
 .text.t3d_model_iter_next
                0x80011f60       0x68 /home/atma/workspace/.cache/tiny3d//build/libt3d.a
                0x80011f60                t3d_model_iter_next
 .text.t3d_model_draw_custom
                0x80011fc8      0x100 /home/atma/workspace/.cache/tiny3d//build/libt3d.a
                0x80011fc8                t3d_model_draw_custom
 *fill*         0x800120c8       0x18 
 .text.data_cache_hit_writeback
                0x800120e0       0x60 /opt/libdragon/bin/../lib/gcc/mips64-elf/14.1.0/../../../../mips64-elf/lib/libdragon.a(n64sys.o)
                0x800120e0                data_cache_hit_writeback
 .text.__data_cache_hit_invalidate
                0x80012140       0x60 /opt/libdragon/bin/../lib/gcc/mips64-elf/14.1.0/../../../../mips64-elf/lib/libdragon.a(n64sys.o)
                0x80012140                __data_cache_hit_invalidate
 .text.data_cache_hit_writeback_invalidate
                0x800121a0       0x60 /opt/libdragon/bin/../lib/gcc/mips64-elf/14.1.0/../../../../mips64-elf/lib/libdragon.a(n64sys.o)
                0x800121a0                data_cache_hit_writeback_invalidate
 .text.inst_cache_hit_invalidate
                0x80012200       0x60 /opt/libdragon/bin/../lib/gcc/mips64-elf/14.1.0/../../../../mips64-elf/lib/libdragon.a(n64sys.o)
                0x80012200                inst_cache_hit_invalidate
 .text.malloc_uncached_aligned
                0x80012260       0xc0 /opt/libdragon/bin/../lib/gcc/mips64-elf/14.1.0/../../../../mips64-elf/lib/libdragon.a(n64sys.o)
                0x80012260                malloc_uncached_aligned
 .text.malloc_uncached
                0x80012320       0x20 /opt/libdragon/bin/../lib/gcc/mips64-elf/14.1.0/../../../../mips64-elf/lib/libdragon.a(n64sys.o)
                0x80012320                malloc_uncached
 .text.free_uncached
                0x80012340       0x20 /opt/libdragon/bin/../lib/gcc/mips64-elf/14.1.0/../../../../mips64-elf/lib/libdragon.a(n64sys.o)
                0x80012340                free_uncached
 .text.get_memory_size
                0x80012360       0x20 /opt/libdragon/bin/../lib/gcc/mips64-elf/14.1.0/../../../../mips64-elf/lib/libdragon.a(n64sys.o)
                0x80012360                get_memory_size
 .text.get_ticks
                0x80012380       0x40 /opt/libdragon/bin/../lib/gcc/mips64-elf/14.1.0/../../../../mips64-elf/lib/libdragon.a(n64sys.o)
                0x80012380                get_ticks
 .text.wait_ms  0x800123c0       0x40 /opt/libdragon/bin/../lib/gcc/mips64-elf/14.1.0/../../../../mips64-elf/lib/libdragon.a(n64sys.o)
                0x800123c0                wait_ms
 .text.die      0x80012400       0x60 /opt/libdragon/bin/../lib/gcc/mips64-elf/14.1.0/../../../../mips64-elf/lib/libdragon.a(n64sys.o)
                0x80012400                die
 .text.startup.__init_cop1
                0x80012460       0x40 /opt/libdragon/bin/../lib/gcc/mips64-elf/14.1.0/../../../../mips64-elf/lib/libdragon.a(n64sys.o)
                0x80012460                __init_cop1
 .text.__MI_handler
                0x800124a0      0x380 /opt/libdragon/bin/../lib/gcc/mips64-elf/14.1.0/../../../../mips64-elf/lib/libdragon.a(interrupt.o)
                0x800124a0                __MI_handler
 .text.__MI_BB_handler
                0x80012820      0x300 /opt/libdragon/bin/../lib/gcc/mips64-elf/14.1.0/../../../../mips64-elf/lib/libdragon.a(interrupt.o)
                0x80012820                __MI_BB_handler
 .text.__TI_handler
                0x80012b20       0x80 /opt/libdragon/bin/../lib/gcc/mips64-elf/14.1.0/../../../../mips64-elf/lib/libdragon.a(interrupt.o)
                0x80012b20                __TI_handler
 .text.__CART_handler
                0x80012ba0      0x100 /opt/libdragon/bin/../lib/gcc/mips64-elf/14.1.0/../../../../mips64-elf/lib/libdragon.a(interrupt.o)
                0x80012ba0                __CART_handler
 .text.__RESET_handler
                0x80012ca0       0x60 /opt/libdragon/bin/../lib/gcc/mips64-elf/14.1.0/../../../../mips64-elf/lib/libdragon.a(interrupt.o)
                0x80012ca0                __RESET_handler
 .text.register_VI_handler
                0x80012d00       0x60 /opt/libdragon/bin/../lib/gcc/mips64-elf/14.1.0/../../../../mips64-elf/lib/libdragon.a(interrupt.o)
                0x80012d00                register_VI_handler
 .text.unregister_VI_handler
                0x80012d60       0x60 /opt/libdragon/bin/../lib/gcc/mips64-elf/14.1.0/../../../../mips64-elf/lib/libdragon.a(interrupt.o)
                0x80012d60                unregister_VI_handler
 .text.register_DP_handler
                0x80012dc0       0x60 /opt/libdragon/bin/../lib/gcc/mips64-elf/14.1.0/../../../../mips64-elf/lib/libdragon.a(interrupt.o)
                0x80012dc0                register_DP_handler
 .text.register_SI_handler
                0x80012e20       0x60 /opt/libdragon/bin/../lib/gcc/mips64-elf/14.1.0/../../../../mips64-elf/lib/libdragon.a(interrupt.o)
                0x80012e20                register_SI_handler
 .text.register_SP_handler
                0x80012e80       0x60 /opt/libdragon/bin/../lib/gcc/mips64-elf/14.1.0/../../../../mips64-elf/lib/libdragon.a(interrupt.o)
                0x80012e80                register_SP_handler
 .text.register_TI_handler
                0x80012ee0       0x60 /opt/libdragon/bin/../lib/gcc/mips64-elf/14.1.0/../../../../mips64-elf/lib/libdragon.a(interrupt.o)
                0x80012ee0                register_TI_handler
 .text.set_VI_interrupt
                0x80012f40       0x40 /opt/libdragon/bin/../lib/gcc/mips64-elf/14.1.0/../../../../mips64-elf/lib/libdragon.a(interrupt.o)
                0x80012f40                set_VI_interrupt
 .text.set_DP_interrupt
                0x80012f80       0x20 /opt/libdragon/bin/../lib/gcc/mips64-elf/14.1.0/../../../../mips64-elf/lib/libdragon.a(interrupt.o)
                0x80012f80                set_DP_interrupt
 .text.set_SI_interrupt
                0x80012fa0       0x20 /opt/libdragon/bin/../lib/gcc/mips64-elf/14.1.0/../../../../mips64-elf/lib/libdragon.a(interrupt.o)
                0x80012fa0                set_SI_interrupt
 .text.set_SP_interrupt
                0x80012fc0       0x20 /opt/libdragon/bin/../lib/gcc/mips64-elf/14.1.0/../../../../mips64-elf/lib/libdragon.a(interrupt.o)
                0x80012fc0                set_SP_interrupt
 .text.set_TI_interrupt
                0x80012fe0       0x40 /opt/libdragon/bin/../lib/gcc/mips64-elf/14.1.0/../../../../mips64-elf/lib/libdragon.a(interrupt.o)
                0x80012fe0                set_TI_interrupt
 .text.startup.__init_interrupts
                0x80013020       0x60 /opt/libdragon/bin/../lib/gcc/mips64-elf/14.1.0/../../../../mips64-elf/lib/libdragon.a(interrupt.o)
                0x80013020                __init_interrupts
 .text.disable_interrupts
                0x80013080       0x40 /opt/libdragon/bin/../lib/gcc/mips64-elf/14.1.0/../../../../mips64-elf/lib/libdragon.a(interrupt.o)
                0x80013080                disable_interrupts
 .text.enable_interrupts
                0x800130c0       0x80 /opt/libdragon/bin/../lib/gcc/mips64-elf/14.1.0/../../../../mips64-elf/lib/libdragon.a(interrupt.o)
                0x800130c0                enable_interrupts
 .text.get_interrupts_state
                0x80013140       0x20 /opt/libdragon/bin/../lib/gcc/mips64-elf/14.1.0/../../../../mips64-elf/lib/libdragon.a(interrupt.o)
                0x80013140                get_interrupts_state
 .text.exception_reset_time
                0x80013160       0x20 /opt/libdragon/bin/../lib/gcc/mips64-elf/14.1.0/../../../../mips64-elf/lib/libdragon.a(interrupt.o)
                0x80013160                exception_reset_time
 .text.sinf_approx
                0x80013180      0x120 /opt/libdragon/bin/../lib/gcc/mips64-elf/14.1.0/../../../../mips64-elf/lib/libdragon.a(fmath.o)
 .text.fm_sinf  0x800132a0       0x60 /opt/libdragon/bin/../lib/gcc/mips64-elf/14.1.0/../../../../mips64-elf/lib/libdragon.a(fmath.o)
                0x800132a0                fm_sinf
 .text.fm_cosf  0x80013300       0x60 /opt/libdragon/bin/../lib/gcc/mips64-elf/14.1.0/../../../../mips64-elf/lib/libdragon.a(fmath.o)
                0x80013300                fm_cosf
 .text.__stderr_write
                0x80013360       0x80 /opt/libdragon/bin/../lib/gcc/mips64-elf/14.1.0/../../../../mips64-elf/lib/libdragon.a(debug.o)
 .text.usblog_write
                0x800133e0       0x20 /opt/libdragon/bin/../lib/gcc/mips64-elf/14.1.0/../../../../mips64-elf/lib/libdragon.a(debug.o)
 .text.isviewer_write
                0x80013400       0xe0 /opt/libdragon/bin/../lib/gcc/mips64-elf/14.1.0/../../../../mips64-elf/lib/libdragon.a(debug.o)
 .text.cb.0     0x800134e0       0xa0 /opt/libdragon/bin/../lib/gcc/mips64-elf/14.1.0/../../../../mips64-elf/lib/libdragon.a(debug.o)
 .text.debug_init_usblog
                0x80013580       0xe0 /opt/libdragon/bin/../lib/gcc/mips64-elf/14.1.0/../../../../mips64-elf/lib/libdragon.a(debug.o)
                0x80013580                debug_init_usblog
 .text.debug_init_isviewer
                0x80013660       0xe0 /opt/libdragon/bin/../lib/gcc/mips64-elf/14.1.0/../../../../mips64-elf/lib/libdragon.a(debug.o)
                0x80013660                debug_init_isviewer
 .text.debug_assert_func_f
                0x80013740       0xe0 /opt/libdragon/bin/../lib/gcc/mips64-elf/14.1.0/../../../../mips64-elf/lib/libdragon.a(debug.o)
                0x80013740                debug_assert_func_f
 .text.debug_assert_func
                0x80013820       0x20 /opt/libdragon/bin/../lib/gcc/mips64-elf/14.1.0/../../../../mips64-elf/lib/libdragon.a(debug.o)
                0x80013820                debug_assert_func
 .text.debug_hexdump
                0x80013840      0x280 /opt/libdragon/bin/../lib/gcc/mips64-elf/14.1.0/../../../../mips64-elf/lib/libdragon.a(debug.o)
                0x80013840                debug_hexdump
 .text.__debug_backtrace
                0x80013ac0      0x100 /opt/libdragon/bin/../lib/gcc/mips64-elf/14.1.0/../../../../mips64-elf/lib/libdragon.a(debug.o)
                0x80013ac0                __debug_backtrace
 .text.debug_backtrace
                0x80013bc0       0x20 /opt/libdragon/bin/../lib/gcc/mips64-elf/14.1.0/../../../../mips64-elf/lib/libdragon.a(debug.o)
                0x80013bc0                debug_backtrace
 .text.usb_64drive_read
                0x80013be0       0x60 /opt/libdragon/bin/../lib/gcc/mips64-elf/14.1.0/../../../../mips64-elf/lib/libdragon.a(usb.o)
 .text.usb_64drive_poll
                0x80013c40      0x1a0 /opt/libdragon/bin/../lib/gcc/mips64-elf/14.1.0/../../../../mips64-elf/lib/libdragon.a(usb.o)
 .text.usb_everdrive_usbbusy
                0x80013de0       0xe0 /opt/libdragon/bin/../lib/gcc/mips64-elf/14.1.0/../../../../mips64-elf/lib/libdragon.a(usb.o)
 .text.usb_everdrive_readusb
                0x80013ec0       0xc0 /opt/libdragon/bin/../lib/gcc/mips64-elf/14.1.0/../../../../mips64-elf/lib/libdragon.a(usb.o)
 .text.usb_everdrive_poll
                0x80013f80      0x200 /opt/libdragon/bin/../lib/gcc/mips64-elf/14.1.0/../../../../mips64-elf/lib/libdragon.a(usb.o)
 .text.usb_everdrive_write
                0x80014180      0x1c0 /opt/libdragon/bin/../lib/gcc/mips64-elf/14.1.0/../../../../mips64-elf/lib/libdragon.a(usb.o)
 .text.usb_everdrive_read
                0x80014340       0x60 /opt/libdragon/bin/../lib/gcc/mips64-elf/14.1.0/../../../../mips64-elf/lib/libdragon.a(usb.o)
 .text.usb_sc64_read
                0x800143a0       0x60 /opt/libdragon/bin/../lib/gcc/mips64-elf/14.1.0/../../../../mips64-elf/lib/libdragon.a(usb.o)
 .text.usb_sc64_poll
                0x80014400      0x160 /opt/libdragon/bin/../lib/gcc/mips64-elf/14.1.0/../../../../mips64-elf/lib/libdragon.a(usb.o)
 .text.usb_write
                0x80014560       0x40 /opt/libdragon/bin/../lib/gcc/mips64-elf/14.1.0/../../../../mips64-elf/lib/libdragon.a(usb.o)
                0x80014560                usb_write
 .text.usb_sendheartbeat
                0x800145a0       0x60 /opt/libdragon/bin/../lib/gcc/mips64-elf/14.1.0/../../../../mips64-elf/lib/libdragon.a(usb.o)
                0x800145a0                usb_sendheartbeat
 .text.usb_initialize
                0x80014600      0x1c0 /opt/libdragon/bin/../lib/gcc/mips64-elf/14.1.0/../../../../mips64-elf/lib/libdragon.a(usb.o)
                0x80014600                usb_initialize
 .text.usb_64drive_wait
                0x800147c0       0xc0 /opt/libdragon/bin/../lib/gcc/mips64-elf/14.1.0/../../../../mips64-elf/lib/libdragon.a(usb.o)
                0x800147c0                usb_64drive_wait
 .text.usb_64drive_write
                0x80014880      0x240 /opt/libdragon/bin/../lib/gcc/mips64-elf/14.1.0/../../../../mips64-elf/lib/libdragon.a(usb.o)
 .text.usb_sc64_execute_cmd
                0x80014ac0       0xc0 /opt/libdragon/bin/../lib/gcc/mips64-elf/14.1.0/../../../../mips64-elf/lib/libdragon.a(usb.o)
                0x80014ac0                usb_sc64_execute_cmd
 .text.usb_sc64_write
                0x80014b80      0x2a0 /opt/libdragon/bin/../lib/gcc/mips64-elf/14.1.0/../../../../mips64-elf/lib/libdragon.a(usb.o)
 .text.get_next_token
                0x80014e20       0xc0 /opt/libdragon/bin/../lib/gcc/mips64-elf/14.1.0/../../../../mips64-elf/lib/libdragon.a(dragonfs.o)
 .text.__fstat  0x80014ee0       0x40 /opt/libdragon/bin/../lib/gcc/mips64-elf/14.1.0/../../../../mips64-elf/lib/libdragon.a(dragonfs.o)
 .text.lookup_file
                0x80014f20      0x240 /opt/libdragon/bin/../lib/gcc/mips64-elf/14.1.0/../../../../mips64-elf/lib/libdragon.a(dragonfs.o)
 .text.__close  0x80015160       0x40 /opt/libdragon/bin/../lib/gcc/mips64-elf/14.1.0/../../../../mips64-elf/lib/libdragon.a(dragonfs.o)
 .text.__ioctl  0x800151a0       0x60 /opt/libdragon/bin/../lib/gcc/mips64-elf/14.1.0/../../../../mips64-elf/lib/libdragon.a(dragonfs.o)
 .text.recurse_path
                0x80015200      0x3c0 /opt/libdragon/bin/../lib/gcc/mips64-elf/14.1.0/../../../../mips64-elf/lib/libdragon.a(dragonfs.o)
 .text.__findnext
                0x800155c0       0xe0 /opt/libdragon/bin/../lib/gcc/mips64-elf/14.1.0/../../../../mips64-elf/lib/libdragon.a(dragonfs.o)
 .text.__dfs_findfirst
                0x800156a0       0xc0 /opt/libdragon/bin/../lib/gcc/mips64-elf/14.1.0/../../../../mips64-elf/lib/libdragon.a(dragonfs.o)
 .text.__findfirst
                0x80015760       0x60 /opt/libdragon/bin/../lib/gcc/mips64-elf/14.1.0/../../../../mips64-elf/lib/libdragon.a(dragonfs.o)
 .text.__lseek  0x800157c0       0xa0 /opt/libdragon/bin/../lib/gcc/mips64-elf/14.1.0/../../../../mips64-elf/lib/libdragon.a(dragonfs.o)
 .text.dfs_open
                0x80015860      0x180 /opt/libdragon/bin/../lib/gcc/mips64-elf/14.1.0/../../../../mips64-elf/lib/libdragon.a(dragonfs.o)
                0x80015860                dfs_open
 .text.__open   0x800159e0       0xc0 /opt/libdragon/bin/../lib/gcc/mips64-elf/14.1.0/../../../../mips64-elf/lib/libdragon.a(dragonfs.o)
 .text.dfs_read
                0x80015aa0      0x1c0 /opt/libdragon/bin/../lib/gcc/mips64-elf/14.1.0/../../../../mips64-elf/lib/libdragon.a(dragonfs.o)
                0x80015aa0                dfs_read
 .text.__read   0x80015c60       0x20 /opt/libdragon/bin/../lib/gcc/mips64-elf/14.1.0/../../../../mips64-elf/lib/libdragon.a(dragonfs.o)
 .text.dfs_init
                0x80015c80      0x220 /opt/libdragon/bin/../lib/gcc/mips64-elf/14.1.0/../../../../mips64-elf/lib/libdragon.a(dragonfs.o)
                0x80015c80                dfs_init
 .text.display_show.part.0
                0x80015ea0      0x140 /opt/libdragon/bin/../lib/gcc/mips64-elf/14.1.0/../../../../mips64-elf/lib/libdragon.a(display.o)
 .text.__display_callback
                0x80015fe0      0x3a0 /opt/libdragon/bin/../lib/gcc/mips64-elf/14.1.0/../../../../mips64-elf/lib/libdragon.a(display.o)
 .text.display_init
                0x80016380      0x940 /opt/libdragon/bin/../lib/gcc/mips64-elf/14.1.0/../../../../mips64-elf/lib/libdragon.a(display.o)
                0x80016380                display_init
 .text.display_close
                0x80016cc0      0x140 /opt/libdragon/bin/../lib/gcc/mips64-elf/14.1.0/../../../../mips64-elf/lib/libdragon.a(display.o)
                0x80016cc0                display_close
 .text.display_try_get
                0x80016e00       0xc0 /opt/libdragon/bin/../lib/gcc/mips64-elf/14.1.0/../../../../mips64-elf/lib/libdragon.a(display.o)
                0x80016e00                display_try_get
 .text.display_get
                0x80016ec0      0x100 /opt/libdragon/bin/../lib/gcc/mips64-elf/14.1.0/../../../../mips64-elf/lib/libdragon.a(display.o)
                0x80016ec0                display_get
 .text.display_get_zbuf
                0x80016fc0      0x140 /opt/libdragon/bin/../lib/gcc/mips64-elf/14.1.0/../../../../mips64-elf/lib/libdragon.a(display.o)
                0x80016fc0                display_get_zbuf
 .text.display_show
                0x80017100       0x20 /opt/libdragon/bin/../lib/gcc/mips64-elf/14.1.0/../../../../mips64-elf/lib/libdragon.a(display.o)
                0x80017100                display_show
 .text.display_show_force
                0x80017120       0x40 /opt/libdragon/bin/../lib/gcc/mips64-elf/14.1.0/../../../../mips64-elf/lib/libdragon.a(display.o)
                0x80017120                display_show_force
 .text.display_get_width
                0x80017160       0x20 /opt/libdragon/bin/../lib/gcc/mips64-elf/14.1.0/../../../../mips64-elf/lib/libdragon.a(display.o)
                0x80017160                display_get_width
 .text.display_get_height
                0x80017180       0x20 /opt/libdragon/bin/../lib/gcc/mips64-elf/14.1.0/../../../../mips64-elf/lib/libdragon.a(display.o)
                0x80017180                display_get_height
 .text.display_get_bitdepth
                0x800171a0       0x20 /opt/libdragon/bin/../lib/gcc/mips64-elf/14.1.0/../../../../mips64-elf/lib/libdragon.a(display.o)
                0x800171a0                display_get_bitdepth
 .text.tex_format_name
                0x800171c0       0x40 /opt/libdragon/bin/../lib/gcc/mips64-elf/14.1.0/../../../../mips64-elf/lib/libdragon.a(surface.o)
                0x800171c0                tex_format_name
 .text.surface_alloc
                0x80017200       0xe0 /opt/libdragon/bin/../lib/gcc/mips64-elf/14.1.0/../../../../mips64-elf/lib/libdragon.a(surface.o)
                0x80017200                surface_alloc
 .text.surface_free
                0x800172e0       0x80 /opt/libdragon/bin/../lib/gcc/mips64-elf/14.1.0/../../../../mips64-elf/lib/libdragon.a(surface.o)
                0x800172e0                surface_free
 .text.must_open.part.0
                0x80017360      0x100 /opt/libdragon/bin/../lib/gcc/mips64-elf/14.1.0/../../../../mips64-elf/lib/libdragon.a(asset.o)
 .text.asset_read
                0x80017460      0x3e0 /opt/libdragon/bin/../lib/gcc/mips64-elf/14.1.0/../../../../mips64-elf/lib/libdragon.a(asset.o)
 .text.asset_read_header
                0x80017840      0x1e0 /opt/libdragon/bin/../lib/gcc/mips64-elf/14.1.0/../../../../mips64-elf/lib/libdragon.a(asset.o)
 .text.__asset_init_compression_lvl2
                0x80017a20       0x60 /opt/libdragon/bin/../lib/gcc/mips64-elf/14.1.0/../../../../mips64-elf/lib/libdragon.a(asset.o)
                0x80017a20                __asset_init_compression_lvl2
 .text.asset_load
                0x80017a80       0xc0 /opt/libdragon/bin/../lib/gcc/mips64-elf/14.1.0/../../../../mips64-elf/lib/libdragon.a(asset.o)
                0x80017a80                asset_load
 .text.decompress_lz4_full_inplace
                0x80017b40       0x20 /opt/libdragon/bin/../lib/gcc/mips64-elf/14.1.0/../../../../mips64-elf/lib/libdragon.a(lz4_dec.o)
                0x80017b40                decompress_lz4_full_inplace
 .text.decompress_lz4_init
                0x80017b60       0x60 /opt/libdragon/bin/../lib/gcc/mips64-elf/14.1.0/../../../../mips64-elf/lib/libdragon.a(lz4_dec.o)
                0x80017b60                decompress_lz4_init
 .text.decompress_lz4_reset
                0x80017bc0       0x40 /opt/libdragon/bin/../lib/gcc/mips64-elf/14.1.0/../../../../mips64-elf/lib/libdragon.a(lz4_dec.o)
                0x80017bc0                decompress_lz4_reset
 .text.decompress_lz4_read
                0x80017c00      0x400 /opt/libdragon/bin/../lib/gcc/mips64-elf/14.1.0/../../../../mips64-elf/lib/libdragon.a(lz4_dec.o)
                0x80017c00                decompress_lz4_read
 .text.decompress_lz4_full_fast
                0x80018000      0x1c0 /opt/libdragon/bin/../lib/gcc/mips64-elf/14.1.0/../../../../mips64-elf/lib/libdragon.a(lz4_dec_fast.o)
                0x80018000                decompress_lz4_full_fast
 .text.__ringbuf_init
                0x800181c0       0x80 /opt/libdragon/bin/../lib/gcc/mips64-elf/14.1.0/../../../../mips64-elf/lib/libdragon.a(ringbuf.o)
                0x800181c0                __ringbuf_init
 .text.__ringbuf_write
                0x80018240       0xc0 /opt/libdragon/bin/../lib/gcc/mips64-elf/14.1.0/../../../../mips64-elf/lib/libdragon.a(ringbuf.o)
                0x80018240                __ringbuf_write
 .text.__ringbuf_copy
                0x80018300      0x1a0 /opt/libdragon/bin/../lib/gcc/mips64-elf/14.1.0/../../../../mips64-elf/lib/libdragon.a(ringbuf.o)
                0x80018300                __ringbuf_copy
 .text.refill   0x800184a0      0x100 /opt/libdragon/bin/../lib/gcc/mips64-elf/14.1.0/../../../../mips64-elf/lib/libdragon.a(aplib_dec.o)
 .text.decompress_reset.part.0.constprop.0
                0x800185a0       0xa0 /opt/libdragon/bin/../lib/gcc/mips64-elf/14.1.0/../../../../mips64-elf/lib/libdragon.a(aplib_dec.o)
 .text.decompress_aplib_partial.part.0
                0x80018640      0x940 /opt/libdragon/bin/../lib/gcc/mips64-elf/14.1.0/../../../../mips64-elf/lib/libdragon.a(aplib_dec.o)
 .text.decompress_aplib_init
                0x80018f80       0x60 /opt/libdragon/bin/../lib/gcc/mips64-elf/14.1.0/../../../../mips64-elf/lib/libdragon.a(aplib_dec.o)
                0x80018f80                decompress_aplib_init
 .text.decompress_aplib_reset
                0x80018fe0       0x40 /opt/libdragon/bin/../lib/gcc/mips64-elf/14.1.0/../../../../mips64-elf/lib/libdragon.a(aplib_dec.o)
                0x80018fe0                decompress_aplib_reset
 .text.decompress_aplib_read
                0x80019020       0x40 /opt/libdragon/bin/../lib/gcc/mips64-elf/14.1.0/../../../../mips64-elf/lib/libdragon.a(aplib_dec.o)
                0x80019020                decompress_aplib_read
 .text.decompress_aplib_full_inplace
                0x80019060       0x20 /opt/libdragon/bin/../lib/gcc/mips64-elf/14.1.0/../../../../mips64-elf/lib/libdragon.a(aplib_dec.o)
                0x80019060                decompress_aplib_full_inplace
 .text.joypad_gcn_origin_callback
                0x80019080       0xe0 /opt/libdragon/bin/../lib/gcc/mips64-elf/14.1.0/../../../../mips64-elf/lib/libdragon.a(joypad.o)
 .text.joypad_read_callback
                0x80019160       0x60 /opt/libdragon/bin/../lib/gcc/mips64-elf/14.1.0/../../../../mips64-elf/lib/libdragon.a(joypad.o)
 .text.joypad_device_changed
                0x800191c0      0x120 /opt/libdragon/bin/../lib/gcc/mips64-elf/14.1.0/../../../../mips64-elf/lib/libdragon.a(joypad.o)
 .text.joypad_identify_callback
                0x800192e0      0x280 /opt/libdragon/bin/../lib/gcc/mips64-elf/14.1.0/../../../../mips64-elf/lib/libdragon.a(joypad.o)
 .text.joypad_read_async.part.0
                0x80019560      0x240 /opt/libdragon/bin/../lib/gcc/mips64-elf/14.1.0/../../../../mips64-elf/lib/libdragon.a(joypad.o)
 .text.joypad_identify_async.part.0
                0x800197a0      0x140 /opt/libdragon/bin/../lib/gcc/mips64-elf/14.1.0/../../../../mips64-elf/lib/libdragon.a(joypad.o)
 .text.joypad_vi_interrupt_callback
                0x800198e0       0x80 /opt/libdragon/bin/../lib/gcc/mips64-elf/14.1.0/../../../../mips64-elf/lib/libdragon.a(joypad.o)
 .text.joypad_read_n64_inputs
                0x80019960      0x260 /opt/libdragon/bin/../lib/gcc/mips64-elf/14.1.0/../../../../mips64-elf/lib/libdragon.a(joypad.o)
                0x80019960                joypad_read_n64_inputs
 .text.joypad_poll
                0x80019bc0      0x5a0 /opt/libdragon/bin/../lib/gcc/mips64-elf/14.1.0/../../../../mips64-elf/lib/libdragon.a(joypad.o)
                0x80019bc0                joypad_poll
 .text.joypad_init
                0x8001a160      0x160 /opt/libdragon/bin/../lib/gcc/mips64-elf/14.1.0/../../../../mips64-elf/lib/libdragon.a(joypad.o)
                0x8001a160                joypad_init
 .text.joypad_get_inputs
                0x8001a2c0       0xa0 /opt/libdragon/bin/../lib/gcc/mips64-elf/14.1.0/../../../../mips64-elf/lib/libdragon.a(joypad.o)
                0x8001a2c0                joypad_get_inputs
 .text.joypad_get_buttons_pressed
                0x8001a360       0xa0 /opt/libdragon/bin/../lib/gcc/mips64-elf/14.1.0/../../../../mips64-elf/lib/libdragon.a(joypad.o)
                0x8001a360                joypad_get_buttons_pressed
 .text.joypad_transfer_pak_wait_timer_callback
                0x8001a400       0xe0 /opt/libdragon/bin/../lib/gcc/mips64-elf/14.1.0/../../../../mips64-elf/lib/libdragon.a(joypad_accessory.o)
 .text.joypad_accessory_check_read_crc_error
                0x8001a4e0      0x1a0 /opt/libdragon/bin/../lib/gcc/mips64-elf/14.1.0/../../../../mips64-elf/lib/libdragon.a(joypad_accessory.o)
 .text.joypad_transfer_pak_enable_read_callback
                0x8001a680       0xc0 /opt/libdragon/bin/../lib/gcc/mips64-elf/14.1.0/../../../../mips64-elf/lib/libdragon.a(joypad_accessory.o)
 .text.joypad_accessory_write_crc_error_check
                0x8001a740      0x1c0 /opt/libdragon/bin/../lib/gcc/mips64-elf/14.1.0/../../../../mips64-elf/lib/libdragon.a(joypad_accessory.o)
 .text.joypad_accessory_detect_write_callback
                0x8001a900      0x280 /opt/libdragon/bin/../lib/gcc/mips64-elf/14.1.0/../../../../mips64-elf/lib/libdragon.a(joypad_accessory.o)
 .text.joypad_transfer_pak_enable_write_callback
                0x8001ab80      0x180 /opt/libdragon/bin/../lib/gcc/mips64-elf/14.1.0/../../../../mips64-elf/lib/libdragon.a(joypad_accessory.o)
 .text.joypad_accessory_detect_read_callback
                0x8001ad00      0x2c0 /opt/libdragon/bin/../lib/gcc/mips64-elf/14.1.0/../../../../mips64-elf/lib/libdragon.a(joypad_accessory.o)
 .text.joypad_transfer_pak_wait_timer_init
                0x8001afc0       0xe0 /opt/libdragon/bin/../lib/gcc/mips64-elf/14.1.0/../../../../mips64-elf/lib/libdragon.a(joypad_accessory.o)
                0x8001afc0                joypad_transfer_pak_wait_timer_init
 .text.joypad_accessory_detect_async
                0x8001b0a0      0x120 /opt/libdragon/bin/../lib/gcc/mips64-elf/14.1.0/../../../../mips64-elf/lib/libdragon.a(joypad_accessory.o)
                0x8001b0a0                joypad_accessory_detect_async
 .text.rsp_load_code
                0x8001b1c0      0x100 /opt/libdragon/bin/../lib/gcc/mips64-elf/14.1.0/../../../../mips64-elf/lib/libdragon.a(rsp.o)
                0x8001b1c0                rsp_load_code
 .text.rsp_load_data
                0x8001b2c0       0xe0 /opt/libdragon/bin/../lib/gcc/mips64-elf/14.1.0/../../../../mips64-elf/lib/libdragon.a(rsp.o)
                0x8001b2c0                rsp_load_data
 .text.rsp_load
                0x8001b3a0       0x60 /opt/libdragon/bin/../lib/gcc/mips64-elf/14.1.0/../../../../mips64-elf/lib/libdragon.a(rsp.o)
                0x8001b3a0                rsp_load
 .text.rsp_read_code
                0x8001b400       0xe0 /opt/libdragon/bin/../lib/gcc/mips64-elf/14.1.0/../../../../mips64-elf/lib/libdragon.a(rsp.o)
                0x8001b400                rsp_read_code
 .text.rsp_read_data
                0x8001b4e0       0xe0 /opt/libdragon/bin/../lib/gcc/mips64-elf/14.1.0/../../../../mips64-elf/lib/libdragon.a(rsp.o)
                0x8001b4e0                rsp_read_data
 .text.__rsp_run_async
                0x8001b5c0       0x40 /opt/libdragon/bin/../lib/gcc/mips64-elf/14.1.0/../../../../mips64-elf/lib/libdragon.a(rsp.o)
                0x8001b5c0                __rsp_run_async
 .text.__rsp_crash
                0x8001b600      0xbe0 /opt/libdragon/bin/../lib/gcc/mips64-elf/14.1.0/../../../../mips64-elf/lib/libdragon.a(rsp.o)
                0x8001b600                __rsp_crash
 .text.__rsp_check_assert
                0x8001c1e0       0x80 /opt/libdragon/bin/../lib/gcc/mips64-elf/14.1.0/../../../../mips64-elf/lib/libdragon.a(rsp.o)
                0x8001c1e0                __rsp_check_assert
 .text.rsp_wait
                0x8001c260      0x100 /opt/libdragon/bin/../lib/gcc/mips64-elf/14.1.0/../../../../mips64-elf/lib/libdragon.a(rsp.o)
                0x8001c260                rsp_wait
 .text.rsp_run  0x8001c360       0x60 /opt/libdragon/bin/../lib/gcc/mips64-elf/14.1.0/../../../../mips64-elf/lib/libdragon.a(rsp.o)
                0x8001c360                rsp_run
 .text.cb.2     0x8001c3c0       0x60 /opt/libdragon/bin/../lib/gcc/mips64-elf/14.1.0/../../../../mips64-elf/lib/libdragon.a(inspector.o)
 .text.cb.1     0x8001c420       0x60 /opt/libdragon/bin/../lib/gcc/mips64-elf/14.1.0/../../../../mips64-elf/lib/libdragon.a(inspector.o)
 .text.inspector_print_backtrace
                0x8001c480      0x180 /opt/libdragon/bin/../lib/gcc/mips64-elf/14.1.0/../../../../mips64-elf/lib/libdragon.a(inspector.o)
 .text.cb.0     0x8001c600      0x120 /opt/libdragon/bin/../lib/gcc/mips64-elf/14.1.0/../../../../mips64-elf/lib/libdragon.a(inspector.o)
 .text.cb.3     0x8001c720      0x120 /opt/libdragon/bin/../lib/gcc/mips64-elf/14.1.0/../../../../mips64-elf/lib/libdragon.a(inspector.o)
 .text.inspector_stdout
                0x8001c840      0x240 /opt/libdragon/bin/../lib/gcc/mips64-elf/14.1.0/../../../../mips64-elf/lib/libdragon.a(inspector.o)
 .text.title    0x8001ca80       0xa0 /opt/libdragon/bin/../lib/gcc/mips64-elf/14.1.0/../../../../mips64-elf/lib/libdragon.a(inspector.o)
 .text.mips_disasm
                0x8001cb20      0x6c0 /opt/libdragon/bin/../lib/gcc/mips64-elf/14.1.0/../../../../mips64-elf/lib/libdragon.a(inspector.o)
 .text.inspector
                0x8001d1e0     0x1040 /opt/libdragon/bin/../lib/gcc/mips64-elf/14.1.0/../../../../mips64-elf/lib/libdragon.a(inspector.o)
 .text.handler.4
                0x8001e220       0x40 /opt/libdragon/bin/../lib/gcc/mips64-elf/14.1.0/../../../../mips64-elf/lib/libdragon.a(inspector.o)
 .text.__inspector_exception
                0x8001e260       0x20 /opt/libdragon/bin/../lib/gcc/mips64-elf/14.1.0/../../../../mips64-elf/lib/libdragon.a(inspector.o)
                0x8001e260                __inspector_exception
 .text.__inspector_assertion
                0x8001e280       0x20 /opt/libdragon/bin/../lib/gcc/mips64-elf/14.1.0/../../../../mips64-elf/lib/libdragon.a(inspector.o)
                0x8001e280                __inspector_assertion
 .text.startup.__inspector_init
                0x8001e2a0       0x20 /opt/libdragon/bin/../lib/gcc/mips64-elf/14.1.0/../../../../mips64-elf/lib/libdragon.a(inspector.o)
                0x8001e2a0                __inspector_init
 .text.__sprite_upgrade.part.0
                0x8001e2c0       0x40 /opt/libdragon/bin/../lib/gcc/mips64-elf/14.1.0/../../../../mips64-elf/lib/libdragon.a(sprite.o)
 .text.sprite_load_buf.part.0
                0x8001e300       0x40 /opt/libdragon/bin/../lib/gcc/mips64-elf/14.1.0/../../../../mips64-elf/lib/libdragon.a(sprite.o)
 .text.__sprite_ext
                0x8001e340       0xa0 /opt/libdragon/bin/../lib/gcc/mips64-elf/14.1.0/../../../../mips64-elf/lib/libdragon.a(sprite.o)
                0x8001e340                __sprite_ext
 .text.sprite_load
                0x8001e3e0       0xe0 /opt/libdragon/bin/../lib/gcc/mips64-elf/14.1.0/../../../../mips64-elf/lib/libdragon.a(sprite.o)
                0x8001e3e0                sprite_load
 .text.sprite_get_pixels
                0x8001e4c0       0x60 /opt/libdragon/bin/../lib/gcc/mips64-elf/14.1.0/../../../../mips64-elf/lib/libdragon.a(sprite.o)
                0x8001e4c0                sprite_get_pixels
 .text.sprite_get_lod_pixels
                0x8001e520      0x160 /opt/libdragon/bin/../lib/gcc/mips64-elf/14.1.0/../../../../mips64-elf/lib/libdragon.a(sprite.o)
                0x8001e520                sprite_get_lod_pixels
 .text.sprite_get_detail_texparms
                0x8001e680       0xa0 /opt/libdragon/bin/../lib/gcc/mips64-elf/14.1.0/../../../../mips64-elf/lib/libdragon.a(sprite.o)
                0x8001e680                sprite_get_detail_texparms
 .text.sprite_get_detail_pixels
                0x8001e720      0x160 /opt/libdragon/bin/../lib/gcc/mips64-elf/14.1.0/../../../../mips64-elf/lib/libdragon.a(sprite.o)
                0x8001e720                sprite_get_detail_pixels
 .text.sprite_get_palette
                0x8001e880       0x60 /opt/libdragon/bin/../lib/gcc/mips64-elf/14.1.0/../../../../mips64-elf/lib/libdragon.a(sprite.o)
                0x8001e880                sprite_get_palette
 .text.sprite_get_texparms
                0x8001e8e0       0xc0 /opt/libdragon/bin/../lib/gcc/mips64-elf/14.1.0/../../../../mips64-elf/lib/libdragon.a(sprite.o)
                0x8001e8e0                sprite_get_texparms
 .text.sprite_fits_tmem
                0x8001e9a0       0x40 /opt/libdragon/bin/../lib/gcc/mips64-elf/14.1.0/../../../../mips64-elf/lib/libdragon.a(sprite.o)
                0x8001e9a0                sprite_fits_tmem
 .text.sprite_is_shq
                0x8001e9e0       0x40 /opt/libdragon/bin/../lib/gcc/mips64-elf/14.1.0/../../../../mips64-elf/lib/libdragon.a(sprite.o)
                0x8001e9e0                sprite_is_shq
 .text.dma_write_raw_async.part.0
                0x8001ea20       0x40 /opt/libdragon/bin/../lib/gcc/mips64-elf/14.1.0/../../../../mips64-elf/lib/libdragon.a(dma.o)
 .text.dma_read_raw_async
                0x8001ea60       0xa0 /opt/libdragon/bin/../lib/gcc/mips64-elf/14.1.0/../../../../mips64-elf/lib/libdragon.a(dma.o)
                0x8001ea60                dma_read_raw_async
 .text.dma_read_async
                0x8001eb00      0x4e0 /opt/libdragon/bin/../lib/gcc/mips64-elf/14.1.0/../../../../mips64-elf/lib/libdragon.a(dma.o)
                0x8001eb00                dma_read_async
 .text.dma_read
                0x8001efe0       0x40 /opt/libdragon/bin/../lib/gcc/mips64-elf/14.1.0/../../../../mips64-elf/lib/libdragon.a(dma.o)
                0x8001efe0                dma_read
 .text.dma_write
                0x8001f020       0xa0 /opt/libdragon/bin/../lib/gcc/mips64-elf/14.1.0/../../../../mips64-elf/lib/libdragon.a(dma.o)
                0x8001f020                dma_write
 .text.io_read  0x8001f0c0       0x60 /opt/libdragon/bin/../lib/gcc/mips64-elf/14.1.0/../../../../mips64-elf/lib/libdragon.a(dma.o)
                0x8001f0c0                io_read
 .text.io_write
                0x8001f120       0x60 /opt/libdragon/bin/../lib/gcc/mips64-elf/14.1.0/../../../../mips64-elf/lib/libdragon.a(dma.o)
                0x8001f120                io_write
 .text.timer_update_compare
                0x8001f180       0x40 /opt/libdragon/bin/../lib/gcc/mips64-elf/14.1.0/../../../../mips64-elf/lib/libdragon.a(timer.o)
 .text.timer_poll
                0x8001f1c0      0x1a0 /opt/libdragon/bin/../lib/gcc/mips64-elf/14.1.0/../../../../mips64-elf/lib/libdragon.a(timer.o)
 .text.timer_init
                0x8001f360       0x60 /opt/libdragon/bin/../lib/gcc/mips64-elf/14.1.0/../../../../mips64-elf/lib/libdragon.a(timer.o)
                0x8001f360                timer_init
 .text.new_timer_context
                0x8001f3c0      0x100 /opt/libdragon/bin/../lib/gcc/mips64-elf/14.1.0/../../../../mips64-elf/lib/libdragon.a(timer.o)
                0x8001f3c0                new_timer_context
 .text.restart_timer
                0x8001f4c0       0x80 /opt/libdragon/bin/../lib/gcc/mips64-elf/14.1.0/../../../../mips64-elf/lib/libdragon.a(timer.o)
                0x8001f4c0                restart_timer
 .text.stop_timer
                0x8001f540       0xe0 /opt/libdragon/bin/../lib/gcc/mips64-elf/14.1.0/../../../../mips64-elf/lib/libdragon.a(timer.o)
                0x8001f540                stop_timer
 .text.cb.0     0x8001f620       0x40 /opt/libdragon/bin/../lib/gcc/mips64-elf/14.1.0/../../../../mips64-elf/lib/libdragon.a(exception.o)
 .text.cb.1     0x8001f660       0x80 /opt/libdragon/bin/../lib/gcc/mips64-elf/14.1.0/../../../../mips64-elf/lib/libdragon.a(exception.o)
 .text.is_unmapped_kx64
                0x8001f6e0      0x1e0 /opt/libdragon/bin/../lib/gcc/mips64-elf/14.1.0/../../../../mips64-elf/lib/libdragon.a(exception.o)
 .text.__get_exception_name.isra.0
                0x8001f8c0      0x360 /opt/libdragon/bin/../lib/gcc/mips64-elf/14.1.0/../../../../mips64-elf/lib/libdragon.a(exception.o)
 .text.__exception_dump_header
                0x8001fc20      0x300 /opt/libdragon/bin/../lib/gcc/mips64-elf/14.1.0/../../../../mips64-elf/lib/libdragon.a(exception.o)
                0x8001fc20                __exception_dump_header
 .text.__exception_dump_gpr
                0x8001ff20      0x160 /opt/libdragon/bin/../lib/gcc/mips64-elf/14.1.0/../../../../mips64-elf/lib/libdragon.a(exception.o)
                0x8001ff20                __exception_dump_gpr
 .text.__exception_dump_fpr
                0x80020080      0x2a0 /opt/libdragon/bin/../lib/gcc/mips64-elf/14.1.0/../../../../mips64-elf/lib/libdragon.a(exception.o)
                0x80020080                __exception_dump_fpr
 .text.exception_default_handler
                0x80020320      0x1a0 /opt/libdragon/bin/../lib/gcc/mips64-elf/14.1.0/../../../../mips64-elf/lib/libdragon.a(exception.o)
                0x80020320                exception_default_handler
 .text.__onCriticalException
                0x800204c0       0x60 /opt/libdragon/bin/../lib/gcc/mips64-elf/14.1.0/../../../../mips64-elf/lib/libdragon.a(exception.o)
                0x800204c0                __onCriticalException
 .text.register_syscall_handler
                0x80020520      0x1a0 /opt/libdragon/bin/../lib/gcc/mips64-elf/14.1.0/../../../../mips64-elf/lib/libdragon.a(exception.o)
                0x80020520                register_syscall_handler
 .text.__onSyscallException
                0x800206c0      0x180 /opt/libdragon/bin/../lib/gcc/mips64-elf/14.1.0/../../../../mips64-elf/lib/libdragon.a(exception.o)
                0x800206c0                __onSyscallException
 .text.__register_frame_info
                0x80020840       0x20 /opt/libdragon/bin/../lib/gcc/mips64-elf/14.1.0/../../../../mips64-elf/lib/libdragon.a(do_ctors.o)
                0x80020840                __register_frame_info
 .text.__wrap___do_global_ctors
                0x80020860       0xe0 /opt/libdragon/bin/../lib/gcc/mips64-elf/14.1.0/../../../../mips64-elf/lib/libdragon.a(do_ctors.o)
                0x80020860                __wrap___do_global_ctors
 .text.rspq_switch_context
                0x80020940       0x60 /opt/libdragon/bin/../lib/gcc/mips64-elf/14.1.0/../../../../mips64-elf/lib/libdragon.a(rspq.o)
 .text.rspq_flush_internal
                0x800209a0       0x40 /opt/libdragon/bin/../lib/gcc/mips64-elf/14.1.0/../../../../mips64-elf/lib/libdragon.a(rspq.o)
 .text.rspq_sp_interrupt
                0x800209e0       0xa0 /opt/libdragon/bin/../lib/gcc/mips64-elf/14.1.0/../../../../mips64-elf/lib/libdragon.a(rspq.o)
 .text.rspq_init_context
                0x80020a80       0xa0 /opt/libdragon/bin/../lib/gcc/mips64-elf/14.1.0/../../../../mips64-elf/lib/libdragon.a(rspq.o)
 .text.rspq_switch_buffer.part.0
                0x80020b20       0x40 /opt/libdragon/bin/../lib/gcc/mips64-elf/14.1.0/../../../../mips64-elf/lib/libdragon.a(rspq.o)
 .text.rspq_crash_handler
                0x80020b60      0x320 /opt/libdragon/bin/../lib/gcc/mips64-elf/14.1.0/../../../../mips64-elf/lib/libdragon.a(rspq.o)
 .text.rspq_assert_handler
                0x80020e80      0x100 /opt/libdragon/bin/../lib/gcc/mips64-elf/14.1.0/../../../../mips64-elf/lib/libdragon.a(rspq.o)
 .text.rspq_init
                0x80020f80      0x3c0 /opt/libdragon/bin/../lib/gcc/mips64-elf/14.1.0/../../../../mips64-elf/lib/libdragon.a(rspq.o)
                0x80020f80                rspq_init
 .text.rspq_flush
                0x80021340       0x40 /opt/libdragon/bin/../lib/gcc/mips64-elf/14.1.0/../../../../mips64-elf/lib/libdragon.a(rspq.o)
                0x80021340                rspq_flush
 .text.rspq_highpri_begin
                0x80021380      0x120 /opt/libdragon/bin/../lib/gcc/mips64-elf/14.1.0/../../../../mips64-elf/lib/libdragon.a(rspq.o)
                0x80021380                rspq_highpri_begin
 .text.rspq_highpri_end
                0x800214a0       0xa0 /opt/libdragon/bin/../lib/gcc/mips64-elf/14.1.0/../../../../mips64-elf/lib/libdragon.a(rspq.o)
                0x800214a0                rspq_highpri_end
 .text.rspq_block_begin
                0x80021540      0x100 /opt/libdragon/bin/../lib/gcc/mips64-elf/14.1.0/../../../../mips64-elf/lib/libdragon.a(rspq.o)
                0x80021540                rspq_block_begin
 .text.rspq_block_end
                0x80021640       0xa0 /opt/libdragon/bin/../lib/gcc/mips64-elf/14.1.0/../../../../mips64-elf/lib/libdragon.a(rspq.o)
                0x80021640                rspq_block_end
 .text.__rspq_deferred_poll
                0x800216e0       0xe0 /opt/libdragon/bin/../lib/gcc/mips64-elf/14.1.0/../../../../mips64-elf/lib/libdragon.a(rspq.o)
                0x800216e0                __rspq_deferred_poll
 .text.rspq_next_buffer
                0x800217c0      0x2e0 /opt/libdragon/bin/../lib/gcc/mips64-elf/14.1.0/../../../../mips64-elf/lib/libdragon.a(rspq.o)
                0x800217c0                rspq_next_buffer
 .text.rspq_block_run
                0x80021aa0      0x100 /opt/libdragon/bin/../lib/gcc/mips64-elf/14.1.0/../../../../mips64-elf/lib/libdragon.a(rspq.o)
                0x80021aa0                rspq_block_run
 .text.rspq_syncpoint_new
                0x80021ba0       0xe0 /opt/libdragon/bin/../lib/gcc/mips64-elf/14.1.0/../../../../mips64-elf/lib/libdragon.a(rspq.o)
                0x80021ba0                rspq_syncpoint_new
 .text.rspq_overlay_register_internal
                0x80021c80      0x540 /opt/libdragon/bin/../lib/gcc/mips64-elf/14.1.0/../../../../mips64-elf/lib/libdragon.a(rspq.o)
 .text.rspq_overlay_register
                0x800221c0       0x20 /opt/libdragon/bin/../lib/gcc/mips64-elf/14.1.0/../../../../mips64-elf/lib/libdragon.a(rspq.o)
                0x800221c0                rspq_overlay_register
 .text.rspq_overlay_register_static
                0x800221e0       0x60 /opt/libdragon/bin/../lib/gcc/mips64-elf/14.1.0/../../../../mips64-elf/lib/libdragon.a(rspq.o)
                0x800221e0                rspq_overlay_register_static
 .text.rspq_syncpoint_wait
                0x80022240      0x160 /opt/libdragon/bin/../lib/gcc/mips64-elf/14.1.0/../../../../mips64-elf/lib/libdragon.a(rspq.o)
                0x80022240                rspq_syncpoint_wait
 .text.rspq_wait
                0x800223a0      0x240 /opt/libdragon/bin/../lib/gcc/mips64-elf/14.1.0/../../../../mips64-elf/lib/libdragon.a(rspq.o)
                0x800223a0                rspq_wait
 .text.rspq_overlay_get_state
                0x800225e0      0x160 /opt/libdragon/bin/../lib/gcc/mips64-elf/14.1.0/../../../../mips64-elf/lib/libdragon.a(rspq.o)
                0x800225e0                rspq_overlay_get_state
 .text.__rdpq_interrupt
                0x80022740       0xc0 /opt/libdragon/bin/../lib/gcc/mips64-elf/14.1.0/../../../../mips64-elf/lib/libdragon.a(rdpq.o)
 .text.rdpq_assert_handler
                0x80022800       0xc0 /opt/libdragon/bin/../lib/gcc/mips64-elf/14.1.0/../../../../mips64-elf/lib/libdragon.a(rdpq.o)
 .text.rdpq_set_tile
                0x800228c0      0x260 /opt/libdragon/bin/../lib/gcc/mips64-elf/14.1.0/../../../../mips64-elf/lib/libdragon.a(rdpq.o)
                0x800228c0                rdpq_set_tile
 .text.rdpq_config_set
                0x80022b20       0x20 /opt/libdragon/bin/../lib/gcc/mips64-elf/14.1.0/../../../../mips64-elf/lib/libdragon.a(rdpq.o)
                0x80022b20                rdpq_config_set
 .text.rdpq_config_disable
                0x80022b40       0x20 /opt/libdragon/bin/../lib/gcc/mips64-elf/14.1.0/../../../../mips64-elf/lib/libdragon.a(rdpq.o)
                0x80022b40                rdpq_config_disable
 .text.__rdpq_block_begin
                0x80022b60       0x40 /opt/libdragon/bin/../lib/gcc/mips64-elf/14.1.0/../../../../mips64-elf/lib/libdragon.a(rdpq.o)
                0x80022b60                __rdpq_block_begin
 .text.__rdpq_block_next_buffer
                0x80022ba0      0x1e0 /opt/libdragon/bin/../lib/gcc/mips64-elf/14.1.0/../../../../mips64-elf/lib/libdragon.a(rdpq.o)
                0x80022ba0                __rdpq_block_next_buffer
 .text.rdpq_fence
                0x80022d80      0x140 /opt/libdragon/bin/../lib/gcc/mips64-elf/14.1.0/../../../../mips64-elf/lib/libdragon.a(rdpq.o)
                0x80022d80                rdpq_fence
 .text.__rdpq_block_end
                0x80022ec0       0x40 /opt/libdragon/bin/../lib/gcc/mips64-elf/14.1.0/../../../../mips64-elf/lib/libdragon.a(rdpq.o)
                0x80022ec0                __rdpq_block_end
 .text.__rdpq_block_run
                0x80022f00       0xa0 /opt/libdragon/bin/../lib/gcc/mips64-elf/14.1.0/../../../../mips64-elf/lib/libdragon.a(rdpq.o)
                0x80022f00                __rdpq_block_run
 .text.__rdpq_block_reserve
                0x80022fa0      0x120 /opt/libdragon/bin/../lib/gcc/mips64-elf/14.1.0/../../../../mips64-elf/lib/libdragon.a(rdpq.o)
                0x80022fa0                __rdpq_block_reserve
 .text.__rdpq_block_update
                0x800230c0      0x120 /opt/libdragon/bin/../lib/gcc/mips64-elf/14.1.0/../../../../mips64-elf/lib/libdragon.a(rdpq.o)
                0x800230c0                __rdpq_block_update
 .text.__rdpq_write8
                0x800231e0       0xe0 /opt/libdragon/bin/../lib/gcc/mips64-elf/14.1.0/../../../../mips64-elf/lib/libdragon.a(rdpq.o)
                0x800231e0                __rdpq_write8
 .text.__rdpq_autosync_change
                0x800232c0      0x140 /opt/libdragon/bin/../lib/gcc/mips64-elf/14.1.0/../../../../mips64-elf/lib/libdragon.a(rdpq.o)
                0x800232c0                __rdpq_autosync_change
 .text.__rdpq_write8_syncchange
                0x80023400       0x60 /opt/libdragon/bin/../lib/gcc/mips64-elf/14.1.0/../../../../mips64-elf/lib/libdragon.a(rdpq.o)
                0x80023400                __rdpq_write8_syncchange
 .text.rdpq_set_blend_color
                0x80023460       0x20 /opt/libdragon/bin/../lib/gcc/mips64-elf/14.1.0/../../../../mips64-elf/lib/libdragon.a(rdpq.o)
                0x80023460                rdpq_set_blend_color
 .text.rdpq_set_env_color
                0x80023480       0x20 /opt/libdragon/bin/../lib/gcc/mips64-elf/14.1.0/../../../../mips64-elf/lib/libdragon.a(rdpq.o)
                0x80023480                rdpq_set_env_color
 .text.__rdpq_fixup_write8_syncchange
                0x800234a0      0x140 /opt/libdragon/bin/../lib/gcc/mips64-elf/14.1.0/../../../../mips64-elf/lib/libdragon.a(rdpq.o)
                0x800234a0                __rdpq_fixup_write8_syncchange
 .text.rdpq_set_prim_color
                0x800235e0       0x20 /opt/libdragon/bin/../lib/gcc/mips64-elf/14.1.0/../../../../mips64-elf/lib/libdragon.a(rdpq.o)
                0x800235e0                rdpq_set_prim_color
 .text.__rdpq_write8_syncchangeuse
                0x80023600       0x80 /opt/libdragon/bin/../lib/gcc/mips64-elf/14.1.0/../../../../mips64-elf/lib/libdragon.a(rdpq.o)
                0x80023600                __rdpq_write8_syncchangeuse
 .text.__rdpq_set_scissor
                0x80023680      0x100 /opt/libdragon/bin/../lib/gcc/mips64-elf/14.1.0/../../../../mips64-elf/lib/libdragon.a(rdpq.o)
                0x80023680                __rdpq_set_scissor
 .text.__rdpq_set_fill_color
                0x80023780      0x100 /opt/libdragon/bin/../lib/gcc/mips64-elf/14.1.0/../../../../mips64-elf/lib/libdragon.a(rdpq.o)
                0x80023780                __rdpq_set_fill_color
 .text.__rdpq_set_color_image
                0x80023880      0x140 /opt/libdragon/bin/../lib/gcc/mips64-elf/14.1.0/../../../../mips64-elf/lib/libdragon.a(rdpq.o)
                0x80023880                __rdpq_set_color_image
 .text.rdpq_set_color_image
                0x800239c0      0x200 /opt/libdragon/bin/../lib/gcc/mips64-elf/14.1.0/../../../../mips64-elf/lib/libdragon.a(rdpq.o)
                0x800239c0                rdpq_set_color_image
 .text.rdpq_set_z_image
                0x80023bc0       0xc0 /opt/libdragon/bin/../lib/gcc/mips64-elf/14.1.0/../../../../mips64-elf/lib/libdragon.a(rdpq.o)
                0x80023bc0                rdpq_set_z_image
 .text.rdpq_set_texture_image
                0x80023c80      0x160 /opt/libdragon/bin/../lib/gcc/mips64-elf/14.1.0/../../../../mips64-elf/lib/libdragon.a(rdpq.o)
                0x80023c80                rdpq_set_texture_image
 .text.__rdpq_set_other_modes
                0x80023de0      0x140 /opt/libdragon/bin/../lib/gcc/mips64-elf/14.1.0/../../../../mips64-elf/lib/libdragon.a(rdpq.o)
                0x80023de0                __rdpq_set_other_modes
 .text.rdpq_init
                0x80023f20      0x1c0 /opt/libdragon/bin/../lib/gcc/mips64-elf/14.1.0/../../../../mips64-elf/lib/libdragon.a(rdpq.o)
                0x80023f20                rdpq_init
 .text.rdpq_set_tile_autotmem
                0x800240e0       0xa0 /opt/libdragon/bin/../lib/gcc/mips64-elf/14.1.0/../../../../mips64-elf/lib/libdragon.a(rdpq.o)
                0x800240e0                rdpq_set_tile_autotmem
 .text.rdpq_sync_full
                0x80024180      0x120 /opt/libdragon/bin/../lib/gcc/mips64-elf/14.1.0/../../../../mips64-elf/lib/libdragon.a(rdpq.o)
                0x80024180                rdpq_sync_full
 .text.rdpq_sync_pipe
                0x800242a0       0x60 /opt/libdragon/bin/../lib/gcc/mips64-elf/14.1.0/../../../../mips64-elf/lib/libdragon.a(rdpq.o)
                0x800242a0                rdpq_sync_pipe
 .text.rdpq_sync_tile
                0x80024300       0x60 /opt/libdragon/bin/../lib/gcc/mips64-elf/14.1.0/../../../../mips64-elf/lib/libdragon.a(rdpq.o)
                0x80024300                rdpq_sync_tile
 .text.rdpq_sync_load
                0x80024360       0x60 /opt/libdragon/bin/../lib/gcc/mips64-elf/14.1.0/../../../../mips64-elf/lib/libdragon.a(rdpq.o)
                0x80024360                rdpq_sync_load
 .text.__rdpq_fill_rectangle
                0x800243c0      0x120 /opt/libdragon/bin/../lib/gcc/mips64-elf/14.1.0/../../../../mips64-elf/lib/libdragon.a(rdpq_rect.o)
                0x800243c0                __rdpq_fill_rectangle
 .text.__rdpq_fill_rectangle_offline
                0x800244e0       0x80 /opt/libdragon/bin/../lib/gcc/mips64-elf/14.1.0/../../../../mips64-elf/lib/libdragon.a(rdpq_rect.o)
                0x800244e0                __rdpq_fill_rectangle_offline
 .text.__rdpq_fixup_mode
                0x80024560       0xc0 /opt/libdragon/bin/../lib/gcc/mips64-elf/14.1.0/../../../../mips64-elf/lib/libdragon.a(rdpq_mode.o)
                0x80024560                __rdpq_fixup_mode
 .text.rdpq_mode_blender
                0x80024620       0x20 /opt/libdragon/bin/../lib/gcc/mips64-elf/14.1.0/../../../../mips64-elf/lib/libdragon.a(rdpq_mode.o)
                0x80024620                rdpq_mode_blender
 .text.__rdpq_fixup_mode3
                0x80024640       0xe0 /opt/libdragon/bin/../lib/gcc/mips64-elf/14.1.0/../../../../mips64-elf/lib/libdragon.a(rdpq_mode.o)
                0x80024640                __rdpq_fixup_mode3
 .text.__rdpq_mode_change_som
                0x80024720       0xa0 /opt/libdragon/bin/../lib/gcc/mips64-elf/14.1.0/../../../../mips64-elf/lib/libdragon.a(rdpq_mode.o)
                0x80024720                __rdpq_mode_change_som
 .text.rdpq_mode_dithering
                0x800247c0       0x20 /opt/libdragon/bin/../lib/gcc/mips64-elf/14.1.0/../../../../mips64-elf/lib/libdragon.a(rdpq_mode.o)
                0x800247c0                rdpq_mode_dithering
 .text.rdpq_mode_filter
                0x800247e0       0x20 /opt/libdragon/bin/../lib/gcc/mips64-elf/14.1.0/../../../../mips64-elf/lib/libdragon.a(rdpq_mode.o)
                0x800247e0                rdpq_mode_filter
 .text.rdpq_mode_persp
                0x80024800       0x20 /opt/libdragon/bin/../lib/gcc/mips64-elf/14.1.0/../../../../mips64-elf/lib/libdragon.a(rdpq_mode.o)
                0x80024800                rdpq_mode_persp
 .text.rdpq_mode_fog
                0x80024820       0xc0 /opt/libdragon/bin/../lib/gcc/mips64-elf/14.1.0/../../../../mips64-elf/lib/libdragon.a(rdpq_mode.o)
                0x80024820                rdpq_mode_fog
 .text.rdpq_mode_antialias
                0x800248e0       0x60 /opt/libdragon/bin/../lib/gcc/mips64-elf/14.1.0/../../../../mips64-elf/lib/libdragon.a(rdpq_mode.o)
                0x800248e0                rdpq_mode_antialias
 .text.__rdpq_fixup_mode4
                0x80024940       0xe0 /opt/libdragon/bin/../lib/gcc/mips64-elf/14.1.0/../../../../mips64-elf/lib/libdragon.a(rdpq_mode.o)
                0x80024940                __rdpq_fixup_mode4
 .text.rdpq_mode_combiner
                0x80024a20      0x100 /opt/libdragon/bin/../lib/gcc/mips64-elf/14.1.0/../../../../mips64-elf/lib/libdragon.a(rdpq_mode.o)
                0x80024a20                rdpq_mode_combiner
 .text.__rdpq_reset_render_mode
                0x80024b20      0x100 /opt/libdragon/bin/../lib/gcc/mips64-elf/14.1.0/../../../../mips64-elf/lib/libdragon.a(rdpq_mode.o)
                0x80024b20                __rdpq_reset_render_mode
 .text.rdpq_mode_push
                0x80024c20       0x40 /opt/libdragon/bin/../lib/gcc/mips64-elf/14.1.0/../../../../mips64-elf/lib/libdragon.a(rdpq_mode.o)
                0x80024c20                rdpq_mode_push
 .text.rdpq_mode_pop
                0x80024c60       0x20 /opt/libdragon/bin/../lib/gcc/mips64-elf/14.1.0/../../../../mips64-elf/lib/libdragon.a(rdpq_mode.o)
                0x80024c60                rdpq_mode_pop
 .text.__rdpq_set_mode_fill
                0x80024c80       0x80 /opt/libdragon/bin/../lib/gcc/mips64-elf/14.1.0/../../../../mips64-elf/lib/libdragon.a(rdpq_mode.o)
                0x80024c80                __rdpq_set_mode_fill
 .text.rdpq_set_mode_standard
                0x80024d00       0xc0 /opt/libdragon/bin/../lib/gcc/mips64-elf/14.1.0/../../../../mips64-elf/lib/libdragon.a(rdpq_mode.o)
                0x80024d00                rdpq_set_mode_standard
 .text.rdpq_mode_begin
                0x80024dc0       0x40 /opt/libdragon/bin/../lib/gcc/mips64-elf/14.1.0/../../../../mips64-elf/lib/libdragon.a(rdpq_mode.o)
                0x80024dc0                rdpq_mode_begin
 .text.rdpq_mode_end
                0x80024e00       0x40 /opt/libdragon/bin/../lib/gcc/mips64-elf/14.1.0/../../../../mips64-elf/lib/libdragon.a(rdpq_mode.o)
                0x80024e00                rdpq_mode_end
 .text.sprite_upload_palette
                0x80024e40       0xe0 /opt/libdragon/bin/../lib/gcc/mips64-elf/14.1.0/../../../../mips64-elf/lib/libdragon.a(rdpq_sprite.o)
 .text.__rdpq_sprite_upload
                0x80024f20      0x480 /opt/libdragon/bin/../lib/gcc/mips64-elf/14.1.0/../../../../mips64-elf/lib/libdragon.a(rdpq_sprite.o)
                0x80024f20                __rdpq_sprite_upload
 .text.rdpq_sprite_upload
                0x800253a0       0x20 /opt/libdragon/bin/../lib/gcc/mips64-elf/14.1.0/../../../../mips64-elf/lib/libdragon.a(rdpq_sprite.o)
                0x800253a0                rdpq_sprite_upload
 .text.texload_recalc_tileparms
                0x800253c0      0x3e0 /opt/libdragon/bin/../lib/gcc/mips64-elf/14.1.0/../../../../mips64-elf/lib/libdragon.a(rdpq_tex.o)
 .text.texload_set_rect
                0x800257a0      0x240 /opt/libdragon/bin/../lib/gcc/mips64-elf/14.1.0/../../../../mips64-elf/lib/libdragon.a(rdpq_tex.o)
 .text.rdpq_load_block.part.0
                0x800259e0       0x40 /opt/libdragon/bin/../lib/gcc/mips64-elf/14.1.0/../../../../mips64-elf/lib/libdragon.a(rdpq_tex.o)
 .text.texload_tile
                0x80025a20      0x260 /opt/libdragon/bin/../lib/gcc/mips64-elf/14.1.0/../../../../mips64-elf/lib/libdragon.a(rdpq_tex.o)
 .text.texload_tile_4bpp
                0x80025c80      0x380 /opt/libdragon/bin/../lib/gcc/mips64-elf/14.1.0/../../../../mips64-elf/lib/libdragon.a(rdpq_tex.o)
 .text.texload_block_4bpp
                0x80026000      0x460 /opt/libdragon/bin/../lib/gcc/mips64-elf/14.1.0/../../../../mips64-elf/lib/libdragon.a(rdpq_tex.o)
 .text.texload_block_8bpp
                0x80026460      0x400 /opt/libdragon/bin/../lib/gcc/mips64-elf/14.1.0/../../../../mips64-elf/lib/libdragon.a(rdpq_tex.o)
 .text.texload_block
                0x80026860      0x400 /opt/libdragon/bin/../lib/gcc/mips64-elf/14.1.0/../../../../mips64-elf/lib/libdragon.a(rdpq_tex.o)
 .text.tex_loader_load
                0x80026c60      0x120 /opt/libdragon/bin/../lib/gcc/mips64-elf/14.1.0/../../../../mips64-elf/lib/libdragon.a(rdpq_tex.o)
                0x80026c60                tex_loader_load
 .text.rdpq_tex_upload_sub
                0x80026d80      0x240 /opt/libdragon/bin/../lib/gcc/mips64-elf/14.1.0/../../../../mips64-elf/lib/libdragon.a(rdpq_tex.o)
                0x80026d80                rdpq_tex_upload_sub
 .text.rdpq_tex_upload
                0x80026fc0       0x40 /opt/libdragon/bin/../lib/gcc/mips64-elf/14.1.0/../../../../mips64-elf/lib/libdragon.a(rdpq_tex.o)
                0x80026fc0                rdpq_tex_upload
 .text.rdpq_tex_reuse_sub
                0x80027000      0x520 /opt/libdragon/bin/../lib/gcc/mips64-elf/14.1.0/../../../../mips64-elf/lib/libdragon.a(rdpq_tex.o)
                0x80027000                rdpq_tex_reuse_sub
 .text.rdpq_tex_reuse
                0x80027520       0x40 /opt/libdragon/bin/../lib/gcc/mips64-elf/14.1.0/../../../../mips64-elf/lib/libdragon.a(rdpq_tex.o)
                0x80027520                rdpq_tex_reuse
 .text.rdpq_tex_upload_tlut
                0x80027560      0x140 /opt/libdragon/bin/../lib/gcc/mips64-elf/14.1.0/../../../../mips64-elf/lib/libdragon.a(rdpq_tex.o)
                0x80027560                rdpq_tex_upload_tlut
 .text.rdpq_tex_multi_begin
                0x800276a0       0x60 /opt/libdragon/bin/../lib/gcc/mips64-elf/14.1.0/../../../../mips64-elf/lib/libdragon.a(rdpq_tex.o)
                0x800276a0                rdpq_tex_multi_begin
 .text.rdpq_tex_multi_end
                0x80027700       0x60 /opt/libdragon/bin/../lib/gcc/mips64-elf/14.1.0/../../../../mips64-elf/lib/libdragon.a(rdpq_tex.o)
                0x80027700                rdpq_tex_multi_end
 .text.__rdpq_clear_z_with_rsp
                0x80027760      0x140 /opt/libdragon/bin/../lib/gcc/mips64-elf/14.1.0/../../../../mips64-elf/lib/libdragon.a(rdpq_attach.o)
 .text.rdpq_attach.part.0
                0x800278a0       0x40 /opt/libdragon/bin/../lib/gcc/mips64-elf/14.1.0/../../../../mips64-elf/lib/libdragon.a(rdpq_attach.o)
 .text.attach   0x800278e0      0x220 /opt/libdragon/bin/../lib/gcc/mips64-elf/14.1.0/../../../../mips64-elf/lib/libdragon.a(rdpq_attach.o)
 .text.rdpq_attach
                0x80027b00       0x40 /opt/libdragon/bin/../lib/gcc/mips64-elf/14.1.0/../../../../mips64-elf/lib/libdragon.a(rdpq_attach.o)
                0x80027b00                rdpq_attach
 .text.__rdpq_clear
                0x80027b40       0xc0 /opt/libdragon/bin/../lib/gcc/mips64-elf/14.1.0/../../../../mips64-elf/lib/libdragon.a(rdpq_attach.o)
                0x80027b40                __rdpq_clear
 .text.rdpq_detach_cb
                0x80027c00       0xc0 /opt/libdragon/bin/../lib/gcc/mips64-elf/14.1.0/../../../../mips64-elf/lib/libdragon.a(rdpq_attach.o)
                0x80027c00                rdpq_detach_cb
 .text.__rdpq_clear_z
                0x80027cc0      0x200 /opt/libdragon/bin/../lib/gcc/mips64-elf/14.1.0/../../../../mips64-elf/lib/libdragon.a(rdpq_attach.o)
                0x80027cc0                __rdpq_clear_z
 .text.rdpq_detach_show
                0x80027ec0       0x80 /opt/libdragon/bin/../lib/gcc/mips64-elf/14.1.0/../../../../mips64-elf/lib/libdragon.a(rdpq_attach.o)
                0x80027ec0                rdpq_detach_show
 .text.kthread_free
                0x80027f40       0x60 /opt/libdragon/bin/../lib/gcc/mips64-elf/14.1.0/../../../../mips64-elf/lib/libdragon.a(kernel.o)
 .text.__thlist_add.part.0
                0x80027fa0       0x40 /opt/libdragon/bin/../lib/gcc/mips64-elf/14.1.0/../../../../mips64-elf/lib/libdragon.a(kernel.o)
 .text.startup.__kernel_tls_init
                0x80027fe0       0x40 /opt/libdragon/bin/../lib/gcc/mips64-elf/14.1.0/../../../../mips64-elf/lib/libdragon.a(kernel.o)
                0x80027fe0                __kernel_tls_init
 .text.__kthread_check_overflow
                0x80028020       0xe0 /opt/libdragon/bin/../lib/gcc/mips64-elf/14.1.0/../../../../mips64-elf/lib/libdragon.a(kernel.o)
                0x80028020                __kthread_check_overflow
 .text.__thlist_splice_pri
                0x80028100      0x100 /opt/libdragon/bin/../lib/gcc/mips64-elf/14.1.0/../../../../mips64-elf/lib/libdragon.a(kernel.o)
                0x80028100                __thlist_splice_pri
 .text.kmutex_unlock_internal
                0x80028200       0xa0 /opt/libdragon/bin/../lib/gcc/mips64-elf/14.1.0/../../../../mips64-elf/lib/libdragon.a(kernel.o)
 .text.__kthread_syscall_schedule
                0x800282a0      0x340 /opt/libdragon/bin/../lib/gcc/mips64-elf/14.1.0/../../../../mips64-elf/lib/libdragon.a(kernel.o)
                0x800282a0                __kthread_syscall_schedule
 .text.kthread_current
                0x800285e0       0x20 /opt/libdragon/bin/../lib/gcc/mips64-elf/14.1.0/../../../../mips64-elf/lib/libdragon.a(kernel.o)
                0x800285e0                kthread_current
 .text.kthread_suspend
                0x80028600       0x40 /opt/libdragon/bin/../lib/gcc/mips64-elf/14.1.0/../../../../mips64-elf/lib/libdragon.a(kernel.o)
                0x80028600                kthread_suspend
 .text.kthread_backtrace
                0x80028640       0x80 /opt/libdragon/bin/../lib/gcc/mips64-elf/14.1.0/../../../../mips64-elf/lib/libdragon.a(kernel.o)
                0x80028640                kthread_backtrace
 .text.kmutex_lock
                0x800286c0      0x1a0 /opt/libdragon/bin/../lib/gcc/mips64-elf/14.1.0/../../../../mips64-elf/lib/libdragon.a(kernel.o)
                0x800286c0                kmutex_lock
 .text.__kcond_broadcast_isr
                0x80028860       0x40 /opt/libdragon/bin/../lib/gcc/mips64-elf/14.1.0/../../../../mips64-elf/lib/libdragon.a(kernel.o)
                0x80028860                __kcond_broadcast_isr
 .text.kcond_wait
                0x800288a0      0x160 /opt/libdragon/bin/../lib/gcc/mips64-elf/14.1.0/../../../../mips64-elf/lib/libdragon.a(kernel.o)
                0x800288a0                kcond_wait
 .text.kirq_begin_wait_si
                0x80028a00       0x20 /opt/libdragon/bin/../lib/gcc/mips64-elf/14.1.0/../../../../mips64-elf/lib/libdragon.a(kirq.o)
                0x80028a00                kirq_begin_wait_si
 .text.kirq_begin_wait_vi
                0x80028a20       0x20 /opt/libdragon/bin/../lib/gcc/mips64-elf/14.1.0/../../../../mips64-elf/lib/libdragon.a(kirq.o)
                0x80028a20                kirq_begin_wait_vi
 .text.kirq_wait
                0x80028a40       0x80 /opt/libdragon/bin/../lib/gcc/mips64-elf/14.1.0/../../../../mips64-elf/lib/libdragon.a(kirq.o)
                0x80028a40                kirq_wait
 .text.cb.0     0x80028ac0       0x40 /opt/libdragon/bin/../lib/gcc/mips64-elf/14.1.0/../../../../mips64-elf/lib/libdragon.a(backtrace.o)
 .text.cb.1     0x80028b00       0x40 /opt/libdragon/bin/../lib/gcc/mips64-elf/14.1.0/../../../../mips64-elf/lib/libdragon.a(backtrace.o)
 .text.symt_open
                0x80028b40      0x200 /opt/libdragon/bin/../lib/gcc/mips64-elf/14.1.0/../../../../mips64-elf/lib/libdragon.a(backtrace.o)
 .text.symt_addrtab_entry.isra.0
                0x80028d40       0x60 /opt/libdragon/bin/../lib/gcc/mips64-elf/14.1.0/../../../../mips64-elf/lib/libdragon.a(backtrace.o)
 .text.format_entry
                0x80028da0      0x240 /opt/libdragon/bin/../lib/gcc/mips64-elf/14.1.0/../../../../mips64-elf/lib/libdragon.a(backtrace.o)
 .text.symt_addrtab_search
                0x80028fe0      0x160 /opt/libdragon/bin/../lib/gcc/mips64-elf/14.1.0/../../../../mips64-elf/lib/libdragon.a(backtrace.o)
 .text.__symbolize
                0x80029140      0x240 /opt/libdragon/bin/../lib/gcc/mips64-elf/14.1.0/../../../../mips64-elf/lib/libdragon.a(backtrace.o)
                0x80029140                __symbolize
 .text.__bt_analyze_func
                0x80029380      0x1c0 /opt/libdragon/bin/../lib/gcc/mips64-elf/14.1.0/../../../../mips64-elf/lib/libdragon.a(backtrace.o)
                0x80029380                __bt_analyze_func
 .text.backtrace_foreach.constprop.0
                0x80029540      0x340 /opt/libdragon/bin/../lib/gcc/mips64-elf/14.1.0/../../../../mips64-elf/lib/libdragon.a(backtrace.o)
 .text.backtrace
                0x80029880       0xe0 /opt/libdragon/bin/../lib/gcc/mips64-elf/14.1.0/../../../../mips64-elf/lib/libdragon.a(backtrace.o)
                0x80029880                backtrace
 .text.__backtrace_from
                0x80029960      0x100 /opt/libdragon/bin/../lib/gcc/mips64-elf/14.1.0/../../../../mips64-elf/lib/libdragon.a(backtrace.o)
                0x80029960                __backtrace_from
 .text.backtrace_symbols_cb
                0x80029a60      0x300 /opt/libdragon/bin/../lib/gcc/mips64-elf/14.1.0/../../../../mips64-elf/lib/libdragon.a(backtrace.o)
                0x80029a60                backtrace_symbols_cb
 .text.backtrace_frame_print
                0x80029d60       0xa0 /opt/libdragon/bin/../lib/gcc/mips64-elf/14.1.0/../../../../mips64-elf/lib/libdragon.a(backtrace.o)
                0x80029d60                backtrace_frame_print
 .text.backtrace_frame_print_compact
                0x80029e00      0x140 /opt/libdragon/bin/../lib/gcc/mips64-elf/14.1.0/../../../../mips64-elf/lib/libdragon.a(backtrace.o)
                0x80029e00                backtrace_frame_print_compact
 .text.rompak_search_ext
                0x80029f40      0x200 /opt/libdragon/bin/../lib/gcc/mips64-elf/14.1.0/../../../../mips64-elf/lib/libdragon.a(rompak.o)
                0x80029f40                rompak_search_ext
 .text.__console_render.part.0
                0x8002a140      0x100 /opt/libdragon/bin/../lib/gcc/mips64-elf/14.1.0/../../../../mips64-elf/lib/libdragon.a(console.o)
 .text.__console_write
                0x8002a240      0x320 /opt/libdragon/bin/../lib/gcc/mips64-elf/14.1.0/../../../../mips64-elf/lib/libdragon.a(console.o)
 .text.console_set_render_mode
                0x8002a560       0x20 /opt/libdragon/bin/../lib/gcc/mips64-elf/14.1.0/../../../../mips64-elf/lib/libdragon.a(console.o)
                0x8002a560                console_set_render_mode
 .text.console_init
                0x8002a580       0xe0 /opt/libdragon/bin/../lib/gcc/mips64-elf/14.1.0/../../../../mips64-elf/lib/libdragon.a(console.o)
                0x8002a580                console_init
 .text.console_render
                0x8002a660       0x40 /opt/libdragon/bin/../lib/gcc/mips64-elf/14.1.0/../../../../mips64-elf/lib/libdragon.a(console.o)
                0x8002a660                console_render
 .text.console_set_debug
                0x8002a6a0       0x20 /opt/libdragon/bin/../lib/gcc/mips64-elf/14.1.0/../../../../mips64-elf/lib/libdragon.a(console.o)
                0x8002a6a0                console_set_debug
 .text.decompress_aplib_full_fast
                0x8002a6c0      0x2a0 /opt/libdragon/bin/../lib/gcc/mips64-elf/14.1.0/../../../../mips64-elf/lib/libdragon.a(aplib_dec_fast.o)
                0x8002a6c0                decompress_aplib_full_fast
 .text.joybus_msg_send
                0x8002a960       0x80 /opt/libdragon/bin/../lib/gcc/mips64-elf/14.1.0/../../../../mips64-elf/lib/libdragon.a(joybus.o)
 .text.callback.0
                0x8002a9e0       0x80 /opt/libdragon/bin/../lib/gcc/mips64-elf/14.1.0/../../../../mips64-elf/lib/libdragon.a(joybus.o)
 .text.si_interrupt
                0x8002aa60      0x1a0 /opt/libdragon/bin/../lib/gcc/mips64-elf/14.1.0/../../../../mips64-elf/lib/libdragon.a(joybus.o)
 .text.startup.__joybus_init
                0x8002ac00       0x60 /opt/libdragon/bin/../lib/gcc/mips64-elf/14.1.0/../../../../mips64-elf/lib/libdragon.a(joybus.o)
                0x8002ac00                __joybus_init
 .text.joybus_exec_async
                0x8002ac60      0x1a0 /opt/libdragon/bin/../lib/gcc/mips64-elf/14.1.0/../../../../mips64-elf/lib/libdragon.a(joybus.o)
                0x8002ac60                joybus_exec_async
 .text.joybus_exec
                0x8002ae00      0x160 /opt/libdragon/bin/../lib/gcc/mips64-elf/14.1.0/../../../../mips64-elf/lib/libdragon.a(joybus.o)
                0x8002ae00                joybus_exec
 .text.joybus_accessory_calculate_data_crc